33f80000 T _start
33f80020 t _undefined_instruction
33f80024 t _software_interrupt
33f80028 t _prefetch_abort
33f8002c t _data_abort
33f80030 t _not_used
33f80034 t _irq
33f80038 t _fiq
33f80040 t _TEXT_BASE
33f80044 T _armboot_start
33f80048 T _bss_start
33f8004c T _bss_end
33f80050 T IRQ_STACK_START
33f80054 T FIQ_STACK_START
33f80058 t start_code
33f80124 t nand1
33f80130 t nand2
33f80168 t bad_nand_read
33f80168 t loop2
33f8016c t ok_nand_read
33f80178 t go_next
33f80194 t loop3
33f80194 t notmatch
33f80198 t relocate
33f801bc t copy_loop
33f801cc t stack_setup
33f801e0 t clear_bss
33f801ec t clbss_l
33f80220 t _start_armboot
33f80224 t DW_STACK_START
33f80228 t cpu_init_crit
33f80260 t undefined_instruction
33f802c0 t software_interrupt
33f80320 t prefetch_abort
33f80380 t data_abort
33f803e0 t not_used
33f80440 t irq
33f80454 t int_return
33f80460 t fiq
33f804e0 t _TEXT_BASE
33f804e4 T lowlevel_init
33f8051c t SMRDATA
33f80550 t is_bad_block
33f80618 T nand_read_ll
33f80844 t display_dram_config
33f80874 t init_func_i2c
33f808a8 t display_banner
33f808f0 t init_baudrate
33f80944 T hang
33f80958 T start_armboot
33f80ad4 T interrupt_init
33f80b0c T enable_interrupts
33f80b1c T disable_interrupts
33f80b38 T bad_mode
33f80b54 T show_regs
33f80c90 T do_undefined_instruction
33f80cb4 T do_software_interrupt
33f80cd8 T do_prefetch_abort
33f80cfc T do_data_abort
33f80d20 T do_not_used
33f80d44 T do_fiq
33f80d68 T eth_parse_enetaddr
33f80dbc T eth_getenv_enetaddr
33f80e18 T eth_setenv_enetaddr
33f80e4c T eth_getenv_enetaddr_by_index
33f80e90 W cpu_eth_init
33f80e90 t __def_eth_init
33f80e98 T eth_get_dev
33f80ea8 T eth_get_dev_by_name
33f80efc T eth_get_dev_by_index
33f80f40 T eth_get_dev_index
33f80f88 T eth_register
33f81010 T eth_initialize
33f811e0 T eth_halt
33f81214 T eth_send
33f81248 T eth_rx
33f81268 T eth_try_another
33f8131c T eth_init
33f813e4 T eth_set_current
33f81480 T eth_get_name
33f814a0 t startAgainTimeout
33f814b4 t startAgainHandler
33f814b8 t NetCopyIP
33f814c0 t PingHandler
33f814f8 t PingTimeout
33f81514 T NetStartAgain
33f8163c T NetSetHandler
33f8164c T NetSetTimeout
33f81680 T NetSendPacket
33f81684 T NetCksum
33f816c0 T NetCksumOk
33f816e4 T NetEthHdrSize
33f81730 T NetSetEther
33f817e4 T ArpRequest
33f818e0 T ArpTimeoutCheck
33f81954 T PingSend
33f81a9c T NetReceive
33f8208c T NetSetIP
33f8218c T NetSendUDPPacket
33f822c8 T copy_filename
33f8230c T random_port
33f82328 T ip_to_string
33f8237c T VLAN_to_string
33f823c8 T string_to_VLAN
33f82420 T getenv_VLAN
33f82430 T NetLoop
33f8286c t __fswab32
33f82888 t rpc_lookup_reply
33f8292c t nfs_mount_reply
33f829c0 t nfs_umountall_reply
33f82a44 t nfs_lookup_reply
33f82ad0 t nfs_readlink_reply
33f82bbc t basename
33f82bf8 t rpc_add_credentials
33f82cb4 t rpc_req
33f82da0 t nfs_mount_req
33f82e3c t nfs_umountall_req
33f82e94 t nfs_lookup_req
33f82f40 t nfs_read_req
33f82fc0 t nfs_readlink_req
33f83018 t nfs_read_reply.isra.0
33f83144 t NfsSend
33f83240 t NfsHandler
33f833fc t NfsTimeout
33f83458 T NfsStart
33f8367c t RarpHandler
33f836d4 T RarpRequest
33f837cc t RarpTimeout
33f83814 t TftpSend
33f839b4 t TftpHandler
33f83c9c t TftpTimeout
33f83d00 T TftpStart
33f83fd0 t __fswab32
33f83fec t NetCopyIP
33f83ff4 t DhcpOptionsProcess
33f841ec t DhcpHandler
33f846b8 T BootpRequest
33f84934 t BootpTimeout
33f8497c T DhcpRequest
33f84980 t ReadWriteByte
33f84994 t WaitForXfer
33f849ec t i2c_transfer
33f84cc4 T i2c_init
33f84e24 T i2c_probe
33f84e60 T i2c_read
33f84f08 T i2c_write
33f84fa8 T nand_init
33f85058 t nand_release_device
33f85068 t nand_read_byte
33f85078 t nand_read_byte16
33f8508c t nand_read_word
33f8509c t nand_write_buf
33f850c4 t nand_read_buf
33f850e8 t nand_verify_buf
33f85124 t nand_write_buf16
33f85154 t nand_read_buf16
33f85180 t nand_verify_buf16
33f851c8 t nand_block_bad
33f852c0 t nand_check_wp
33f85300 t nand_read_page_raw
33f85338 t nand_read_page_raw_syndrome
33f85408 t nand_read_page_swecc
33f85518 t nand_read_subpage
33f85778 t nand_read_page_hwecc
33f858c4 t nand_read_page_hwecc_oob_first
33f85a00 t nand_read_page_syndrome
33f85b20 t nand_read_oob_std
33f85b64 t nand_read_oob_syndrome
33f85c64 t nand_write_oob_std
33f85cd4 t nand_write_oob_syndrome
33f85e70 t nand_write_page_raw
33f85ea4 t nand_write_page_raw_syndrome
33f85f74 t nand_write_page_swecc
33f86028 t nand_write_page_hwecc
33f860f8 t nand_write_page_syndrome
33f861e8 t single_erase_cmd
33f86224 t multi_erase_cmd
33f862ac t nand_sync
33f862bc t nand_suspend
33f862d0 t nand_wait
33f863a0 t nand_resume
33f863bc t nand_block_checkbad
33f86430 t nand_block_isbad
33f86460 t nand_block_markbad
33f864a0 t nand_write_page
33f86594 t nand_fill_oob
33f866a0 t nand_do_write_oob
33f86864 t nand_default_block_markbad
33f86950 t nand_do_write_ops
33f86c50 t nand_write_oob
33f86cf8 t nand_write
33f86e98 t generic_ffs
33f86eec t nand_select_chip
33f86f40 t nand_transfer_oob
33f87048 T nand_wait_ready
33f87090 t nand_command
33f87258 t nand_command_lp
33f874b0 t nand_do_read_ops
33f878c8 t nand_read_oob
33f87b88 t nand_read
33f87c14 T nand_erase_nand
33f88010 t nand_erase
33f88018 T nand_scan_ident
33f885d8 T nand_scan_tail
33f88b78 T nand_scan
33f88b98 T nand_release
33f88bc0 t check_pattern
33f88c68 t scan_read_raw
33f88cb0 t create_bbt
33f88f58 t search_bbt
33f89154 t read_bbt
33f89380 t read_abs_bbt
33f89478 t write_bbt
33f89aac T nand_update_bbt
33f89bf0 t mark_bbt_region
33f89d68 T nand_scan_bbt
33f8a1e4 T nand_default_bbt
33f8a294 T nand_isbad_bbt
33f8a2e8 T nand_calculate_ecc
33f8a3d8 T nand_correct_data
33f8a4fc t s3c2410_hwcontrol
33f8a560 t s3c2410_dev_ready
33f8a570 T board_nand_init
33f8a5d8 T _serial_setbrg
33f8a600 T serial_setbrg
33f8a608 T serial_init
33f8a644 T _serial_getc
33f8a660 T serial_getc
33f8a668 T serial_putc
33f8a670 T _serial_putc
33f8a698 T _serial_tstc
33f8a6ac T serial_tstc
33f8a6bc T _serial_puts
33f8a6e4 T serial_puts
33f8a6ec T awaitkey
33f8a758 T usb_init_slave
33f8a7c0 T usb_receive
33f8aa10 T HaltUndef
33f8aa24 T HaltSwi
33f8aa38 T HaltPabort
33f8aa4c T HaltDabort
33f8aa60 T udc_disconnect
33f8aa74 T IsrWatchdog
33f8aaa4 T IsrTimer4
33f8aac8 T Dummy_isr
33f8aae8 T ClearPending_my
33f8aaf8 T Timer_InitEx
33f8ab3c T Timer_StartEx
33f8ab98 T Timer_StopEx
33f8ac0c T Isr_Init
33f8ac94 T IRQ_Handle
33f8acd8 T ReconfigUsbd
33f8adb0 T ConfigUsbd
33f8adcc T RdPktEp0
33f8adf0 T WrPktEp0
33f8ae14 T WrPktEp1
33f8ae38 T WrPktEp2
33f8ae5c T RdPktEp3
33f8ae80 T RdPktEp4
33f8aea4 T ConfigEp3DmaMode
33f8af2c T ConfigEp3IntMode
33f8af68 T UsbdMain
33f8af7c T IsrUsbd
33f8b03c T _WrDbgStrFifo
33f8b06c T DbgPrintf
33f8b078 t RdPktEp3_CheckSum
33f8b0c4 T Ep3Handler
33f8b238 T IsrDma2
33f8b3c0 T ClearEp3OutPktReady
33f8b3e0 T Ep0Handler
33f8bbc4 T InitDescriptorTable
33f8bce8 T PrepareEp1Fifo
33f8bd4c T Ep1Handler
33f8bd88 T do_bdinfo
33f8be70 W do_go_exec
33f8be80 T do_go
33f8bef4 t __fswab32
33f8bf10 t do_imls
33f8bfc8 T do_bootd
33f8bfec t do_bootm_rtems
33f8c030 t do_bootm_qnxelf
33f8c084 t do_bootm_vxworks
33f8c0d8 t do_bootm_netbsd
33f8c208 t image_get_magic.isra.8
33f8c20c t image_get_size.isra.10
33f8c210 t bootm_load_os.isra.15
33f8c358 t image_info
33f8c428 T do_iminfo
33f8c484 t bootm_start.isra.14
33f8c7ec T __arch_preboot_os
33f8c7ec W arch_preboot_os
33f8c7f0 T do_bootm_subcommand
33f8c9bc T do_bootm
33f8cc94 t on_off
33f8ccd8 T do_icache
33f8cd4c T do_dcache
33f8cdc0 T do_coninfo
33f8ce78 t cnvrt2
33f8cebc T mk_date
33f8d090 T do_date
33f8d1b0 T do_echo
33f8d23c T eeprom_read
33f8d2b8 T eeprom_write
33f8d334 T eeprom_probe
33f8d340 T eeprom_init
33f8d350 T do_eeprom
33f8d468 W do_bootelf_exec
33f8d4a8 T valid_elf_image
33f8d4f4 T load_elf_image
33f8d580 T do_bootelf
33f8d614 T do_bootvx
33f8d898 T do_exit
33f8d8c8 T do_fat_fsinfo
33f8d9a4 T do_fat_fsload
33f8db24 T do_fat_ls
33f8dc2c t flash_fill_sect_ranges
33f8dde4 t abbrev_spec
33f8df18 T do_flinfo
33f8df78 T flash_sect_roundb
33f8e044 t addr_spec
33f8e104 T flash_sect_erase
33f8e1d0 T do_flerase
33f8e364 T flash_sect_protect
33f8e450 T do_protect
33f8e6d0 T do_help
33f8e718 t mod_i2c_mem.part.0
33f8e948 T __def_i2c_get_bus_speed
33f8e948 W i2c_get_bus_speed
33f8e954 T __def_i2c_set_bus_speed
33f8e954 W i2c_set_bus_speed
33f8e968 T do_i2c_md
33f8eb68 T do_i2c_mw
33f8ec94 T do_i2c_crc
33f8ede0 T do_i2c_probe
33f8ee2c T do_i2c_loop
33f8ef38 T do_i2c_bus_speed
33f8efa8 T do_i2c
33f8f1a8 t evalexp
33f8f21c T binary_test
33f8f41c T do_itest
33f8f4b8 t jffs2_part_info
33f8f550 T mtdparts_init
33f8f8bc T do_jffs2_fsload
33f8f9f0 T do_jffs2_ls
33f8fa48 T do_jffs2_fsinfo
33f8faa4 t bin_data_init
33f8fac0 t getcxmodem
33f8fadc t load_serial_xmodem
33f8fbfc t load_serial_ymodem
33f8fd1c t bin_data_char
33f8fd40 t load_serial
33f8ff68 T do_load_serial
33f90040 T send_pad
33f90070 T ktrans
33f90094 T chk1
33f900bc T s1_sendpacket
33f900e4 T send_ack
33f90140 T send_nack
33f9019c T k_data_init
33f901b4 T k_data_save
33f901d8 T k_data_restore
33f901fc T k_data_char
33f90250 T handle_send_packet
33f90414 T do_load_serial_bin
33f908b4 T do_mem_loop
33f909a0 T do_mem_md
33f90a70 T do_mem_base
33f90ab0 T do_mem_mtest
33f90c50 T do_mem_mw
33f90d0c T do_mem_cmp
33f90eb8 t mod_mem.part.2
33f91000 T do_mem_mm
33f91020 T do_mem_cp
33f91210 T do_mem_crc
33f912b8 T do_mem_nm
33f912d8 T do_sleep
33f9135c T do_mmc
33f91480 t nand_print_info
33f914e4 T do_nandboot
33f91824 t arg_off_size.isra.0
33f91950 T do_nand
33f9217c t netboot_common
33f92460 T do_bootp
33f9246c T do_tftpb
33f92478 T do_rarpb
33f92484 T do_dhcp
33f92490 T do_nfs
33f9249c T do_ping
33f92524 T do_saveenv
33f92550 T get_env_id
33f92560 T envmatch
33f925c8 t printenv
33f926a4 T do_printenv
33f92734 T _do_setenv
33f92b68 T setenv
33f92bb4 T do_setenv
33f92bd8 T do_askenv
33f92d3c T getenv
33f92dac T do_editenv
33f92e10 T getenv_r
33f92ebc T do_reginfo
33f92ec4 T source
33f93008 T do_source
33f93050 T do_false
33f93058 T do_true
33f93060 T do_test
33f934c4 T do_usbboot
33f93850 T usb_get_class_desc
33f9390c T usb_display_class_sub
33f93a7c T usb_display_string
33f93ab4 T usb_display_desc
33f93be8 T usb_display_conf_desc
33f93c94 T usb_display_if_desc
33f93d1c T usb_display_ep_desc
33f93dd4 T usb_display_config
33f93e50 T usb_show_tree_graph
33f94078 T usb_show_tree
33f940a8 T do_usb
33f945ec T do_usbslave
33f9472c T do_version
33f9474c T do_imgextract
33f94a0c T var_complete
33f94a8c T find_cmd_tbl
33f94b24 T find_cmd
33f94b4c T cmd_usage
33f94bac T _do_help
33f94d28 T install_auto_complete
33f94d7c T cmd_auto_complete
33f95214 T cmd_get_data_size
33f95270 t console_setfile
33f95318 T serial_printf
33f95350 T fgetc
33f95370 T ftstc
33f95390 T fputc
33f953b0 T fputs
33f953d0 T fprintf
33f95410 T getc
33f95430 T tstc
33f95450 T putc
33f95470 T puts
33f95490 T printf
33f954c8 T vprintf
33f954f4 T ctrlc
33f95544 T disable_ctrlc
33f9555c T had_ctrlc
33f9556c T clear_ctrlc
33f95580 T dbg
33f9558c T search_device
33f955b4 T console_assign
33f955f8 T console_init_f
33f95608 T stdio_print_current_devices
33f956b4 T console_init_r
33f95790 T sbrk
33f957cc T mem_malloc_init
33f957f0 T malloc_trim
33f958b0 T free
33f95adc T malloc
33f960b0 T calloc
33f96184 T realloc
33f96644 T memalign
33f9674c T valloc
33f96758 T pvalloc
33f96770 T cfree
33f96774 T malloc_usable_size
33f967b0 T mallopt
33f9681c T env_crc_update
33f96848 T env_get_char_memory
33f96868 T env_get_char
33f96890 T env_get_addr
33f968b0 T set_default_env
33f968f8 T env_relocate
33f96950 T env_complete
33f96a94 T env_get_char_spec
33f96aa0 T env_init
33f96abc T writeenv
33f96b78 T saveenv
33f96c1c T readenv
33f96cd8 T env_relocate_spec
33f96d34 t dummy
33f96d38 T get_version
33f96d40 T jumptable_init
33f96ed8 T flash_protect
33f96fb8 T addr2info
33f97004 T flash_write
33f9714c T flash_perror
33f97220 t b_reset
33f9723c t static_get
33f97258 t static_peek
33f97264 t file_peek
33f97270 t syntax_err
33f9727c t free_pipe_list
33f97364 t xmalloc
33f97384 t xrealloc
33f973a4 t done_command
33f97428 t insert_var_value
33f975c8 T do_showvar
33f976c0 t is_assignment
33f9771c t file_get
33f978ec t b_addchr
33f97960 t b_addqchr
33f979b0 T simple_itoa
33f97a04 T set_local_var
33f97bb0 T unset_local_var
33f97c4c T new_pipe
33f97c74 t done_pipe
33f97cbc T reserved_word
33f97e14 t done_word
33f97f88 T mapset
33f97fac T update_ifs_map
33f9801c T parse_string_outer
33f98100 t run_list_real
33f988a8 t parse_stream_outer
33f98e78 T parse_file_outer
33f98ebc T u_boot_hush_start
33f98f10 t __fswab32
33f98f2c t image_get_data_size
33f98f34 t image_check_magic
33f98f58 T image_check_hcrc
33f98fa8 T image_check_dcrc
33f98fe4 T image_multi_count
33f99000 T image_multi_getimg
33f99088 T getenv_yesno
33f990b0 T getenv_bootm_low
33f990e0 T getenv_bootm_size
33f99114 T memmove_wd
33f99118 T genimg_print_size
33f99144 T get_table_entry_name
33f99170 T genimg_get_os_name
33f99188 T genimg_get_arch_name
33f991a0 T genimg_get_type_name
33f991b8 T genimg_get_comp_name
33f991d0 T image_print_contents
33f99398 T get_table_entry_id
33f993e4 T genimg_get_os_id
33f993fc T genimg_get_arch_id
33f99414 T genimg_get_type_id
33f9942c T genimg_get_comp_id
33f99444 T genimg_get_format
33f99458 T genimg_get_image
33f9945c T genimg_has_config
33f99464 T boot_get_ramdisk
33f99690 t delete_char.part.0
33f99760 t cread_add_char
33f99840 T __show_boot_progress
33f99840 W show_boot_progress
33f99844 T readline_into_buffer
33f9a160 T readline
33f9a17c T parse_line
33f9a204 T run_command
33f9a644 T do_run
33f9a6b8 T FriendlyARMMenu
33f9a904 T main_loop
33f9aa00 t hex1_bin
33f9aa40 t hex2_bin
33f9aa78 T srec_decode
33f9acd0 T stdio_get_list
33f9acdc T stdio_get_by_name
33f9ad38 T stdio_clone
33f9ad80 T stdio_register
33f9adbc T stdio_init
33f9ae54 t usb_set_maxpacket_ep
33f9aeac T wait_ms
33f9aed0 T usb_stop
33f9aefc T usb_disable_asynch
33f9af14 T usb_submit_int_msg
33f9af18 T usb_control_msg
33f9afe8 T usb_bulk_msg
33f9b050 T usb_maxpacket
33f9b06c T usb_set_maxpacket
33f9b0c8 T usb_parse_config
33f9b218 T usb_clear_halt
33f9b2b4 T usb_get_descriptor
33f9b314 T usb_get_configuration_no
33f9b3b4 T usb_set_address
33f9b3f4 T usb_set_interface
33f9b4ac T usb_set_configuration
33f9b514 T usb_set_protocol
33f9b570 T usb_set_idle
33f9b5d4 T usb_get_report
33f9b640 T usb_get_class_descriptor
33f9b6ac T usb_get_string
33f9b720 t usb_string_sub
33f9b82c T usb_string
33f9b92c T usb_get_dev_index
33f9b95c T usb_alloc_new_device
33f9b9f8 T usb_get_hub_descriptor
33f9ba54 T usb_clear_hub_feature
33f9baa8 T usb_clear_port_feature
33f9bb04 T usb_set_port_feature
33f9bb60 t usb_hub_power_on
33f9bba4 T usb_get_hub_status
33f9bbf4 T usb_get_port_status
33f9bc4c t hub_port_reset
33f9bcec T usb_hub_reset
33f9bd00 T usb_hub_allocate
33f9bd48 T usb_hub_probe
33f9bd9c T usb_new_device
33f9c030 T usb_scan_devices
33f9c0ac T usb_init
33f9c128 T usb_hub_port_connect_change
33f9c218 T usb_hub_configure
33f9c3f0 t usb_stor_irq
33f9c40c t usb_stor_BBB_reset
33f9c4f4 t usb_stor_CB_reset
33f9c5dc t usb_request_sense.constprop.9
33f9c640 t usb_test_unit_ready.constprop.8
33f9c6b0 T usb_stor_get_dev
33f9c6cc T usb_show_progress
33f9c6d8 T usb_stor_read
33f9c8d0 T usb_stor_write
33f9cac8 T usb_stor_info
33f9cb34 T usb_stor_BBB_comdat
33f9cc0c T usb_stor_CB_comdat
33f9ce2c T usb_stor_CBI_get_status
33f9cef8 T usb_stor_CB_transport
33f9d0fc T usb_stor_BBB_clear_endpt_stall
33f9d148 T usb_stor_BBB_transport
33f9d314 T usb_storage_probe
33f9d524 T usb_stor_get_info
33f9d798 T usb_stor_scan
33f9d900 T CYGACC_COMM_IF_GETC_TIMEOUT
33f9d95c t xyzModem_flush
33f9d988 t xyzModem_get_hdr
33f9dbf0 T CYGACC_COMM_IF_PUTC
33f9dbf8 T parse_num
33f9dd28 T xyzModem_stream_open
33f9de70 T xyzModem_stream_read
33f9e0d0 T xyzModem_stream_close
33f9e124 T xyzModem_stream_terminate
33f9e1bc T xyzModem_error
33f9e1dc T board_init
33f9e300 T board_video_init
33f9e34c T dram_init
33f9e36c T board_eth_init
33f9e370 t write_hword.isra.0
33f9e40c T flash_init
33f9e4a4 T flash_print_info
33f9e5d4 T flash_erase
33f9e75c T write_buff
33f9e8ac T cyg_crc16
33f9e8f4 T crc32_no_comp
33f9e9cc T crc32
33f9e9e0 T crc32_wd
33f9e9e4 T display_options
33f9ea04 T print_size
33f9eacc T print_buffer
33f9ec20 T zalloc
33f9ec30 T zfree
33f9ec38 T zunzip
33f9ed28 T gunzip
33f9ede0 T string_to_ip
33f9ee50 T strcpy
33f9ee68 T strncpy
33f9ee8c T strcat
33f9eebc T strncat
33f9ef10 T strcmp
33f9ef3c T strncmp
33f9ef7c T strchr
33f9efa8 T strlen
33f9efc8 T strrchr
33f9f004 T strnlen
33f9f030 T strdup
33f9f070 T strspn
33f9f0ac T strpbrk
33f9f0e8 T strtok
33f9f170 T strsep
33f9f1a8 T strswab
33f9f1f0 T memset
33f9f24c T bcopy
33f9f270 T memcpy
33f9f2d4 T memmove
33f9f314 T memcmp
33f9f344 T memscan
33f9f370 T strstr
33f9f3dc T memchr
33f9f40c T udelay
33f9f43c t put_dec_trunc
33f9f528 t string
33f9f5bc t put_dec
33f9f704 t number
33f9f950 T simple_strtoul
33f9fa08 T simple_strtol
33f9fa2c T ustrtoul
33f9fa9c T simple_strtoull
33f9fb78 T vsprintf
33fa01b0 T sprintf
33fa01d8 T panic
33fa0228 T zcalloc
33fa0230 T zcfree
33fa0238 T inflate_fast
33fa079c T inflate_table
33fa0cec T inflateReset
33fa0d90 T inflateInit2_
33fa0e98 T inflateInit_
33fa0eac T inflateEnd
33fa0f3c T adler32
33fa1284 T inflate
33fa27a8 T __div64_32
33fa2878 T do_irq
33fa2884 T arch_interrupt_init
33fa288c T get_FCLK
33fa28cc T get_HCLK
33fa297c T get_PCLK
33fa29a0 T get_UCLK
33fa29e0 T timer_init
33fa2a5c T set_timer
33fa2a6c T reset_timer_masked
33fa2a94 T reset_timer
33fa2a98 T get_ticks
33fa2ae0 T __udelay
33fa2b34 T get_timer_masked
33fa2b60 T get_timer
33fa2b74 T udelay_masked
33fa2bf0 T get_tbclk
33fa2bf8 T reset_cpu
33fa2c18 t td_alloc
33fa2c58 t roothub_a
33fa2c98 t roothub_portstatus
33fa2cdc t hc_reset.isra.5
33fa2d8c t urb_free_priv.constprop.12
33fa2dcc t td_fill.isra.3.constprop.14
33fa2e4c T sohci_submit_job
33fa33d4 T rh_check_port_status
33fa3428 T submit_common_msg
33fa3934 T submit_bulk_msg
33fa3950 T submit_control_msg
33fa3ee8 T submit_int_msg
33fa3ef0 T usb_lowlevel_init
33fa40e8 T usb_lowlevel_stop
33fa4124 t mmc_cmd
33fa41fc t mmc_block_read.part.1.constprop.4
33fa42f0 T mmc_get_dev
33fa42fc T mmc_read
33fa440c T mmc_bread
33fa4430 T mmc_write
33fa4508 T mmc_init
33fa4b58 T mmc_ident
33fa4b60 T mmc2info
33fa4b68 T do_bootm_linux
33fa4d10 T flush_cache
33fa4d14 t cp_delay
33fa4d44 T icache_enable
33fa4d5c T icache_disable
33fa4d74 T icache_status
33fa4d84 T dcache_enable
33fa4d9c T dcache_disable
33fa4db4 T dcache_status
33fa4dc4 T do_reset
33fa4df4 t downcase
33fa4e1c t dirdelim
33fa4e4c t get_name
33fa4ef8 t slot2str
33fa4fb4 T disk_read
33fa4ffc t read_bootsectandvi
33fa50f0 t get_fatent
33fa5238 t get_cluster
33fa52cc t get_vfatname
33fa5450 T fat_register_device
33fa5544 T do_fat_read
33fa5e68 T file_fat_detectfs
33fa5fbc T file_fat_ls
33fa5fcc T file_fat_read
33fa6004 t put_fl_mem
33fa6030 t insert_node
33fa60fc t get_fl_mem_nand
33fa62b4 t get_fl_mem
33fa6348 t get_node_mem
33fa6470 t jffs2_1pass_find_inode
33fa6600 t jffs2_1pass_search_inode
33fa6724 T jffs2_free_cache
33fa6780 T mkmodestr
33fa6894 t jffs2_1pass_search_list_inodes.constprop.6
33fa6e78 T jffs2_1pass_rescan_needed
33fa6ef0 t jffs2_get_list
33fa74cc T jffs2_1pass_ls
33fa7524 T jffs2_1pass_load
33fa7ac8 T jffs2_1pass_info
33fa7be8 T rtime_decompress
33fa7ca4 T rubin_do_decompress
33fa7d78 T dynrubin_decompress
33fa7db4 T zlib_decompress
33fa7dcc t fill_code_tables
33fa7e90 T cramfs_memset
33fa7eac t init_code_tables
33fa7ee8 T pull_bits
33fa7f40 T pull_bit
33fa7f78 t read_symbol
33fa8000 t decompress_huffman
33fa813c T decompress_block
33fa86c8 T get_dev
33fa8728 T dev_print
33fa8918 T init_part
33fa8934 T get_partition_info
33fa8960 T print_part
33fa8a38 t le32_to_int
33fa8a5c t is_extended
33fa8a74 t print_partition_extended
33fa8c3c t get_partition_info_extended
33fa8e4c T test_part_dos
33fa8ea0 T print_part_dos
33fa8ecc T get_partition_info_dos
33fa8eec t nand_block_bad_scrub
33fa8ef4 t get_len_incl_bad
33fa8f80 T nand_erase_opts
33fa92c8 T nand_write_skip_bad
33fa956c T nand_read_skip_bad
33fa9744 t dm9000_outblk_8bit
33fa9768 t dm9000_outblk_16bit
33fa9794 t dm9000_outblk_32bit
33fa97bc t dm9000_inblk_8bit
33fa97e0 t dm9000_inblk_16bit
33fa980c t dm9000_inblk_32bit
33fa9834 t dm9000_rx_status_32bit
33fa985c t dm9000_rx_status_16bit
33fa9880 t dm9000_rx_status_8bit
33fa98b4 t dm9000_reset
33fa9984 t dm9000_rx
33fa9ad0 t phy_read
33fa9b30 t dm9000_init
33fa9e40 t dm9000_send
33fa9f20 t dm9000_halt
33fa9fa8 T dm9000_initialize
33faa008 T GregorianDay
33faa0f0 T to_tm
33faa1f8 T mktime
33faa278 T rtc_get
33faa394 T rtc_set
33faa4b4 T rtc_reset
33faa4d8 T cleanup_before_linux
33faa4f4 T raise
33faa510 T __aeabi_uidiv
33faa510 T __udivsi3
33faa510 t .udivsi3_skip_div0_test
33faa6fc T __aeabi_uidivmod
33faa71c T __aeabi_idiv
33faa71c T __divsi3
33faa724 t .divsi3_skip_div0_test
33faa93c T __aeabi_idivmod
33faa95c T __aeabi_llsr
33faa95c T __lshrdi3
33faa978 T __aeabi_lasr
33faa978 T __ashrdi3
33faa994 T __aeabi_llsl
33faa994 T __ashldi3
33faa9b0 W __aeabi_idiv0
33faa9b0 W __aeabi_ldiv0
33faa9c0 t nand_dump
33faac64 r boot_os
33faacb0 r CSWTCH.28
33faacd0 r crc_table
33fab0d0 r lext.5768
33fab10e r lbase.5767
33fab14c r dext.5770
33fab18c r dbase.5769
33fab1cc r lenfix
33fab9cc r distfix
33faba4c r order.5863
33faba74 R z_errmsg
33faba9c r cc_to_error
33fabadc r year_lengths.5464
33fabae4 r mon_lengths.5463
33fabb44 r day_name.5457
33fabb59 r mon_name.5458
33fabb80 r compr_names
33fabb9c r block_drvr
33fabbe4 r crc16_tab
33fabde4 R version_string
33fabe1c r default_nand_name
33fabe21 r __FUNCTION__.6879
33fabe2f r __FUNCTION__.6315
33fabe40 r __FUNCTION__.6642
33fabe52 r __func__.7019
33fabe66 r __FUNCTION__.7051
33fabe75 r nand_ecc_precalc_table
33fabf75 r descStr0
33fabf79 r descStr1
33fabf97 r descStr2
33fabfbf r __FUNCTION__.6343
33fabfdc r CSWTCH.58
33fabff2 r digits.5466
33fac002 R hex_asc
33fac013 r huffman_order
33fb4460 D init_sequence
33fb4490 D NetOurVLAN
33fb4492 D NetBcastAddr
33fb4498 D NetOurNativeVLAN
33fb449c d nfs_offset
33fb44a0 d TftpTimeoutMSecs
33fb44a4 d TftpBlkSizeOption
33fb44a6 d TftpBlkSize
33fb44a8 d TftpTimeoutCountMax
33fb44ac D TftpRRQTimeoutCountMax
33fb44b0 D TftpRRQTimeoutMSecs
33fb44b4 D nand_curr_device
33fb44b8 d nand_oob_8
33fb4700 d nand_oob_16
33fb4948 d nand_oob_64
33fb4b90 d nand_oob_128
33fb4dd8 d largepage_flashbased
33fb4dfc d smallpage_flashbased
33fb4e20 d largepage_memorybased
33fb4e44 d smallpage_memorybased
33fb4e68 d bbt_main_descr
33fb4e8c d bbt_mirror_descr
33fb4eb0 d agand_flashbased
33fb4ed4 d mirror_pattern
33fb4ed8 d bbt_pattern
33fb4edc d scan_agand_pattern
33fb4ee2 d scan_ff_pattern
33fb4ee4 D nand_manuf_ids
33fb4f34 D nand_flash_ids
33fb5384 D IO_ADDR_W
33fb5388 D Selfpwr
33fb5389 D Configuration
33fb538c D load_addr
33fb5390 D cmd_bootm_sub
33fb5438 D weekdays
33fb5454 d i2c_dp_last_length
33fb5458 D op_table
33fb54c0 d do_echo
33fb54c4 D dp_last_length
33fb54c8 d curr_device
33fb54cc d env_id
33fb54d0 d usb_stor_curr_dev
33fb54d4 D g_bUSBWait
33fb54d8 d av_
33fb58e0 d sbrk_base
33fb58e4 d trim_threshold
33fb58e8 d mmap_threshold
33fb58ec D default_environment
33fb5a1c D env_name_spec
33fb5a20 d reserved_list
33fb5aa4 d uimage_os
33fb5b04 d uimage_arch
33fb5bf4 d uimage_type
33fb5c84 d uimage_comp
33fb5ccc d erase_seq
33fb5cd0 d tab_seq
33fb5cdc d hist_cur
33fb5ce0 D stdio_names
33fb5cec D us_direction
33fb5d0c D _ctype
33fb5e0c d root_hub_dev_des
33fb5e1e d root_hub_config_des
33fb5e37 d root_hub_str_index0
33fb5e3b d root_hub_str_index1
33fb5e58 d rca
33fb5e5c d cur_part
33fb5e60 d nand_cache_off
33fb5e64 d month_days
33fb5e94 D __u_boot_cmd_bdinfo
33fb5e94 D __u_boot_cmd_start
33fb5eb0 D __u_boot_cmd_reset
33fb5ecc D __u_boot_cmd_go
33fb5ee8 D __u_boot_cmd_imls
33fb5f04 D __u_boot_cmd_iminfo
33fb5f20 D __u_boot_cmd_bootd
33fb5f3c D __u_boot_cmd_boot
33fb5f58 D __u_boot_cmd_bootm
33fb5f74 D __u_boot_cmd_dcache
33fb5f90 D __u_boot_cmd_icache
33fb5fac D __u_boot_cmd_coninfo
33fb5fc8 D __u_boot_cmd_date
33fb5fe4 D __u_boot_cmd_echo
33fb6000 D __u_boot_cmd_eeprom
33fb601c D __u_boot_cmd_bootvx
33fb6038 D __u_boot_cmd_bootelf
33fb6054 D __u_boot_cmd_exit
33fb6070 D __u_boot_cmd_fatinfo
33fb608c D __u_boot_cmd_fatls
33fb60a8 D __u_boot_cmd_fatload
33fb60c4 D __u_boot_cmd_protect
33fb60e0 D __u_boot_cmd_erase
33fb60fc D __u_boot_cmd_flinfo
33fb6118 D __u_boot_cmd_question_mark
33fb6134 D __u_boot_cmd_help
33fb6150 D __u_boot_cmd_i2c
33fb616c D __u_boot_cmd_itest
33fb6188 D __u_boot_cmd_fsinfo
33fb61a4 D __u_boot_cmd_ls
33fb61c0 D __u_boot_cmd_fsload
33fb61dc D __u_boot_cmd_loady
33fb61f8 D __u_boot_cmd_loadx
33fb6214 D __u_boot_cmd_loadb
33fb6230 D __u_boot_cmd_loads
33fb624c D __u_boot_cmd_mtest
33fb6268 D __u_boot_cmd_loop
33fb6284 D __u_boot_cmd_base
33fb62a0 D __u_boot_cmd_crc32
33fb62bc D __u_boot_cmd_cmp
33fb62d8 D __u_boot_cmd_cp
33fb62f4 D __u_boot_cmd_mw
33fb6310 D __u_boot_cmd_nm
33fb632c D __u_boot_cmd_mm
33fb6348 D __u_boot_cmd_md
33fb6364 D __u_boot_cmd_sleep
33fb6380 D __u_boot_cmd_mmc
33fb639c D __u_boot_cmd_nboot
33fb63b8 D __u_boot_cmd_nand
33fb63d4 D __u_boot_cmd_ping
33fb63f0 D __u_boot_cmd_nfs
33fb640c D __u_boot_cmd_dhcp
33fb6428 D __u_boot_cmd_rarpboot
33fb6444 D __u_boot_cmd_tftpboot
33fb6460 D __u_boot_cmd_bootp
33fb647c D __u_boot_cmd_run
33fb6498 D __u_boot_cmd_askenv
33fb64b4 D __u_boot_cmd_setenv
33fb64d0 D __u_boot_cmd_printenv
33fb64ec D __u_boot_cmd_editenv
33fb6508 D __u_boot_cmd_saveenv
33fb6524 D __u_boot_cmd_reginfo
33fb6540 D __u_boot_cmd_source
33fb655c D __u_boot_cmd_true
33fb6578 D __u_boot_cmd_false
33fb6594 D __u_boot_cmd_test
33fb65b0 D __u_boot_cmd_usbboot
33fb65cc D __u_boot_cmd_usb
33fb65e8 D __u_boot_cmd_usbslave
33fb6604 D __u_boot_cmd_version
33fb6620 D __u_boot_cmd_imxtract
33fb663c D __u_boot_cmd_showvar
33fb6658 B __bss_start
33fb6658 D __u_boot_cmd_end
33fb6700 B monitor_flash_len
33fb6704 b eth_current
33fb6708 b eth_devices
33fb670c b first_failed.5515
33fb6710 b act.5521
33fb6714 b env_changed_id.5522
33fb6718 B NetState
33fb671c B NetPingIP
33fb6720 b NetTryCount
33fb6724 b NetRestarted
33fb6728 B NetRestartWrap
33fb672c b NetDevExists
33fb6730 b timeHandler
33fb6734 b timeStart
33fb6738 b timeDelta
33fb673c b packetHandler
33fb6740 B NetOurEther
33fb6748 B NetTxPacket
33fb674c B NetOurIP
33fb6750 B NetArpWaitPacketIP
33fb6754 B NetOurSubnetMask
33fb6758 B NetOurGatewayIP
33fb675c B NetArpWaitReplyIP
33fb6760 B NetArpWaitTimerStart
33fb6764 B NetArpWaitTry
33fb6768 b mac.5556
33fb676e B NetEtherNullAddr
33fb6774 B NetArpWaitPacketMAC
33fb6778 B NetArpWaitTxPacket
33fb677c B NetIPID
33fb6780 b PingSeqNo
33fb6784 B NetArpWaitTxPacketSize
33fb6788 B NetRxPacket
33fb678c B NetRxPacketLen
33fb6790 B NetServerIP
33fb6794 B NetServerEther
33fb679a B PktBuf
33fb85bc B NetRxPackets
33fb85cc B NetArpWaitPacketBuf
33fb8bec b env_changed_id.5488
33fb8bf0 B NetBootFileXferSize
33fb8bf4 B BootFile
33fb8c74 B NetBootFileSize
33fb8c76 B NetOurRootPath
33fb8cb6 B NetOurHostName
33fb8cd6 B NetOurNISDomain
33fb8cf8 B NetOurDNSIP
33fb8cfc b rpc_id
33fb8d00 b NfsSrvMountPort
33fb8d04 b NfsSrvNfsPort
33fb8d08 b fs_mounted
33fb8d0c b dirfh
33fb8d2c b filefh
33fb8d4c b nfs_path
33fb8d50 b NfsServerIP
33fb8d54 b NfsOurPort
33fb8d58 b NfsState
33fb8d5c b nfs_filename
33fb8d60 b nfs_len
33fb8d64 b NfsDownloadState
33fb8d68 b NfsTimeoutCount
33fb8d6c b nfs_path_buff
33fb956c b default_filename
33fb95ac B RarpTry
33fb95b0 b TftpState
33fb95b4 b tftp_filename
33fb9634 b TftpBlock
33fb9638 b TftpServerIP
33fb963c b TftpServerPort
33fb9640 b TftpOurPort
33fb9644 b TftpBlockWrap
33fb9648 b TftpBlockWrapOffset
33fb964c b TftpLastBlock
33fb9650 b TftpTimeoutCount
33fb9654 b default_filename
33fb9664 B dhcp_leasetime
33fb9668 B NetDHCPServerIP
33fb966c B BootpID
33fb9670 B dhcp_state
33fb9674 B BootpTry
33fb9678 B nand_info
33fb9730 b nand_chip
33fb9848 B isUsbdSetConfiguration
33fb984c B download_run
33fb9850 B dwUSBBufBase
33fb9854 B dwUSBBufReadPtr
33fb9858 B dwUSBBufWritePtr
33fb985c B bDMAPending
33fb9860 B tempDownloadAddress
33fb9864 B downloadAddress
33fb9868 B downPt
33fb986c B downloadFileSize
33fb9870 B dwWillDMACnt
33fb9874 B totalDmaCount
33fb9878 B consoleNum
33fb987c B dwUSBBufSize
33fb9880 B menuUsed
33fb9884 B err
33fb9888 B checkSum
33fb988c B run
33fb9890 B restart
33fb9894 b intCount
33fb9898 B g_TimerIntHappen
33fb989c B isr_handle_array
33fb9964 B dbgStrWrPt
33fb9968 B dbgStrFifo
33fba968 B dbgStrRdPt
33fba96c B ep3Buf
33fba98c B ep0State
33fba990 B descSetup
33fba998 b ep0SubState.5997
33fba99c B ConfigSet
33fba99d B Rwuen
33fba99e B StatusGet
33fba9a3 B InterfaceGet
33fba9a4 B descDev
33fba9b6 B descConf
33fba9bf B descIf
33fba9c8 B descEndpt0
33fba9cf B descEndpt1
33fba9d6 B endpoint3_status
33fba9d7 B endpoint1_status
33fba9d8 B endpoint0_status
33fba9d9 B interface_status
33fba9da B device_status
33fba9db B AlterSetting
33fba9dc B ep0SubState
33fba9e0 B transferIndex
33fba9e4 B ep1Buf
33fbaa04 b images
33fbaa90 b i2c_mm_last_chip
33fbaa94 b i2c_mm_last_addr
33fbaa98 b i2c_mm_last_alen
33fbaa9c b i2c_dp_last_chip
33fbaaa0 b i2c_dp_last_addr
33fbaaa4 b i2c_dp_last_alen
33fbaaa8 b initialized.6351
33fbaaac B current_mtd_dev
33fbaab0 B current_mtd_partnum
33fbaab4 b os_data_state
33fbaab8 b os_data_addr
33fbaabc b bin_start_address
33fbaac0 B his_pad_count
33fbaac4 B his_pad_char
33fbaac5 b a_b
33fbaadd B his_eol
33fbaae0 b k_data_escape
33fbaae4 B os_data_init
33fbaae8 b k_data_escape_saved
33fbaaec b os_data_state_saved
33fbaaf0 b os_data_addr_saved
33fbaaf4 B os_data_char
33fbaaf8 B his_quote
33fbaafc B send_ptr
33fbab00 B send_parms
33fbab14 B dp_last_addr
33fbab18 B dp_last_size
33fbab1c b base_address
33fbab20 B mm_last_addr
33fbab24 B mm_last_size
33fbab28 B g_dwDownloadLen
33fbab2c b tmp_buf.5422
33fbad2c b tmp_buf
33fbae2c b ctrlc_disabled
33fbae30 b ctrlc_was_pressed
33fbae34 B mem_malloc_brk
33fbae38 B mem_malloc_start
33fbae3c B mem_malloc_end
33fbae40 b current_mallinfo
33fbae68 b top_pad
33fbae6c b max_sbrked_mem
33fbae70 b max_total_mem
33fbae74 b n_mmaps_max
33fbae78 B env_ptr
33fbae7c b buf.5845
33fbaea4 B last_return_code
33fbaea8 b top_vars
33fbaeac b flag_repeat
33fbaeb0 b do_repeat
33fbaeb4 b the_command.5641
33fbafb4 b local.5625
33fbafca b map
33fbb0cc b ifs
33fbb0d0 B nesting_level
33fbb0d4 b initted.5555
33fbb0d8 b hist_max
33fbb0dc b hist_add_idx
33fbb0e0 B hist_num
33fbb0e4 B hist_list
33fbb134 B hist_lines
33fbc534 B console_buffer
33fbc634 b filesize_aligned_str.5630
33fbc640 b devs
33fbc67c B stdio_devices
33fbc688 B usb_started
33fbc68c b asynch_allowed
33fbc690 b usb_hub_index
33fbc694 b setup_packet
33fbc69c b usb_dev
33fc6f9c b dev_index
33fc6fa0 b hub_dev
33fc70a0 b running
33fc70a4 b usb_ccb
33fc7134 b usb_dev_desc
33fc7350 b usb_max_devs
33fc7354 b CBWTag
33fc7358 b usb_stor_buf
33fc7558 b usb_stor
33fc765c b xyz
33fc7a98 B flash_info
33fc7b44 B ___strtok
33fc7b48 B timer_load_val
33fc7b4c b timer_clk
33fc7b50 b lastdec
33fc7b54 b timestamp
33fc7c00 B ptd
33fc7c04 B urb_priv
33fc7cd8 b gohci
33fc7da0 B urb_finished
33fc7db0 B ohci_dev
33fc7f40 B devgone
33fc7f44 B got_rhsc
33fc7f48 B phcca
33fc8000 B ghcca
33fc8100 B gtd
33fc9140 b ohci_inited
33fc9200 b resp.6207
33fc9214 b sdi
33fc9218 b wide
33fc921c b mmc_dev
33fc9288 b mmc_ready
33fc928c b mmc_buf
33fc9490 b mmc_csd
33fc94a8 b params
33fc94ac b part_offset
33fc94b0 b cur_dev
33fc94b4 B get_vfatname_block
33fd94b4 B do_fat_read_block
33fe94b4 B get_dentfromdir_block
33ff94b4 b current_part
33ff94b8 b nand_cache
33ff94bc b dm9000_info
33ff959c B _end
