Archive member included to satisfy reference by file (symbol)

lib_arm/libarm.a(board.o)     cpu/arm920t/start.o (start_armboot)
lib_arm/libarm.a(interrupts.o)
                              lib_arm/libarm.a(board.o) (interrupt_init)
net/libnet.a(eth.o)           lib_arm/libarm.a(board.o) (eth_initialize)
net/libnet.a(net.o)           lib_arm/libarm.a(board.o) (copy_filename)
net/libnet.a(nfs.o)           net/libnet.a(net.o) (NfsStart)
net/libnet.a(rarp.o)          net/libnet.a(net.o) (RarpRequest)
net/libnet.a(tftp.o)          net/libnet.a(net.o) (TftpStart)
net/libnet.a(bootp.o)         net/libnet.a(net.o) (BootpRequest)
drivers/i2c/libi2c.a(s3c24x0_i2c.o)
                              lib_arm/libarm.a(board.o) (i2c_init)
drivers/mtd/nand/libnand.a(nand.o)
                              lib_arm/libarm.a(board.o) (nand_init)
drivers/mtd/nand/libnand.a(nand_base.o)
                              drivers/mtd/nand/libnand.a(nand.o) (nand_scan)
drivers/mtd/nand/libnand.a(nand_bbt.o)
                              drivers/mtd/nand/libnand.a(nand_base.o) (nand_update_bbt)
drivers/mtd/nand/libnand.a(nand_ecc.o)
                              drivers/mtd/nand/libnand.a(nand_base.o) (nand_calculate_ecc)
drivers/mtd/nand/libnand.a(nand_ids.o)
                              drivers/mtd/nand/libnand.a(nand_base.o) (nand_manuf_ids)
drivers/mtd/nand/libnand.a(s3c2410_nand.o)
                              drivers/mtd/nand/libnand.a(nand.o) (board_nand_init)
drivers/serial/libserial.a(serial_s3c24x0.o)
                              lib_arm/libarm.a(board.o) (serial_init)
drivers/usb/slave/libusb_slave.a(usbinit.o)
                              lib_arm/libarm.a(board.o) (usb_init_slave)
drivers/usb/slave/libusb_slave.a(interrupt.o)
                              drivers/usb/slave/libusb_slave.a(usbinit.o) (Timer_InitEx)
drivers/usb/slave/libusb_slave.a(usblib.o)
                              drivers/usb/slave/libusb_slave.a(usbinit.o) (ConfigEp3DmaMode)
drivers/usb/slave/libusb_slave.a(usbmain.o)
                              drivers/usb/slave/libusb_slave.a(usbinit.o) (UsbdMain)
drivers/usb/slave/libusb_slave.a(usbout.o)
                              drivers/usb/slave/libusb_slave.a(usbmain.o) (Ep3Handler)
drivers/usb/slave/libusb_slave.a(usbsetup.o)
                              drivers/usb/slave/libusb_slave.a(usbmain.o) (Ep0Handler)
drivers/usb/slave/libusb_slave.a(usbin.o)
                              drivers/usb/slave/libusb_slave.a(usbmain.o) (PrepareEp1Fifo)
common/libcommon.a(cmd_bdinfo.o)
                              (__u_boot_cmd_bdinfo)
common/libcommon.a(cmd_boot.o)
                              (__u_boot_cmd_reset)
common/libcommon.a(cmd_bootm.o)
                              (__u_boot_cmd_imls)
common/libcommon.a(cmd_cache.o)
                              (__u_boot_cmd_dcache)
common/libcommon.a(cmd_console.o)
                              (__u_boot_cmd_coninfo)
common/libcommon.a(cmd_date.o)
                              (__u_boot_cmd_date)
common/libcommon.a(cmd_echo.o)
                              (__u_boot_cmd_echo)
common/libcommon.a(cmd_eeprom.o)
                              (__u_boot_cmd_eeprom)
common/libcommon.a(cmd_elf.o)
                              common/libcommon.a(cmd_bootm.o) (do_bootelf)
common/libcommon.a(cmd_exit.o)
                              (__u_boot_cmd_exit)
common/libcommon.a(cmd_fat.o)
                              (__u_boot_cmd_fatinfo)
common/libcommon.a(cmd_flash.o)
                              (__u_boot_cmd_protect)
common/libcommon.a(cmd_help.o)
                              (__u_boot_cmd_question_mark)
common/libcommon.a(cmd_i2c.o)
                              (__u_boot_cmd_i2c)
common/libcommon.a(cmd_itest.o)
                              (__u_boot_cmd_itest)
common/libcommon.a(cmd_jffs2.o)
                              (__u_boot_cmd_fsinfo)
common/libcommon.a(cmd_load.o)
                              (__u_boot_cmd_loady)
common/libcommon.a(cmd_mem.o)
                              (__u_boot_cmd_mtest)
common/libcommon.a(cmd_misc.o)
                              (__u_boot_cmd_sleep)
common/libcommon.a(cmd_mmc.o)
                              (__u_boot_cmd_mmc)
common/libcommon.a(cmd_nand.o)
                              (__u_boot_cmd_nboot)
common/libcommon.a(cmd_net.o)
                              (__u_boot_cmd_ping)
common/libcommon.a(cmd_nvedit.o)
                              net/libnet.a(eth.o) (get_env_id)
common/libcommon.a(cmd_reginfo.o)
                              (__u_boot_cmd_reginfo)
common/libcommon.a(cmd_source.o)
                              (__u_boot_cmd_source)
common/libcommon.a(cmd_test.o)
                              (__u_boot_cmd_true)
common/libcommon.a(cmd_usb.o)
                              (__u_boot_cmd_usbboot)
common/libcommon.a(cmd_usbslave.o)
                              (__u_boot_cmd_usbslave)
common/libcommon.a(cmd_version.o)
                              (__u_boot_cmd_version)
common/libcommon.a(cmd_ximg.o)
[...]
Memory Configuration

Name             Origin             Length             Attributes
*default*        0x0000000000000000 0xffffffffffffffff

Linker script and memory map

                0x0000000000000000                . = 0x0
                0x0000000000000000                . = ALIGN (0x4)

.text           0x0000000033f80000    0x2a9c0
 cpu/arm920t/start.o(.text)
 .text          0x0000000033f80000      0x4e0 cpu/arm920t/start.o
                0x0000000033f80000                _start
                0x0000000033f80044                _armboot_start
                0x0000000033f80048                _bss_start
                0x0000000033f8004c                _bss_end
                0x0000000033f80050                IRQ_STACK_START
                0x0000000033f80054                FIQ_STACK_START
 board/tekkamanninja/mini2440/lowlevel_init.o(.text)
 .text          0x0000000033f804e0       0x70 board/tekkamanninja/mini2440/lowlevel_init.o
                0x0000000033f804e4                lowlevel_init
 board/tekkamanninja/mini2440/nand_read.o(.text)
 .text          0x0000000033f80550      0x2f4 board/tekkamanninja/mini2440/nand_read.o
                0x0000000033f80618                nand_read_ll
 *(.text)
 .text          0x0000000033f80844      0x290 lib_arm/libarm.a(board.o)
                0x0000000033f80944                hang
                0x0000000033f80958                start_armboot
 .text          0x0000000033f80ad4      0x294 lib_arm/libarm.a(interrupts.o)
                0x0000000033f80ad4                interrupt_init
                0x0000000033f80b0c                enable_interrupts
                0x0000000033f80b1c                disable_interrupts
                0x0000000033f80b38                bad_mode
                0x0000000033f80b54                show_regs
                0x0000000033f80c90                do_undefined_instruction
                0x0000000033f80cb4                do_software_interrupt
                0x0000000033f80cd8                do_prefetch_abort
                0x0000000033f80cfc                do_data_abort
                0x0000000033f80d20                do_not_used
                0x0000000033f80d44                do_fiq
 .text          0x0000000033f80d68      0x738 net/libnet.a(eth.o)
                0x0000000033f80d68                eth_parse_enetaddr
                0x0000000033f80dbc                eth_getenv_enetaddr
                0x0000000033f80e18                eth_setenv_enetaddr
                0x0000000033f80e4c                eth_getenv_enetaddr_by_index
                0x0000000033f80e90                cpu_eth_init
                0x0000000033f80e98                eth_get_dev
                0x0000000033f80ea8                eth_get_dev_by_name
                0x0000000033f80efc                eth_get_dev_by_index
                0x0000000033f80f40                eth_get_dev_index
                0x0000000033f80f88                eth_register
                0x0000000033f81010                eth_initialize
                0x0000000033f811e0                eth_halt
                0x0000000033f81214                eth_send
                0x0000000033f81248                eth_rx
                0x0000000033f81268                eth_try_another
                0x0000000033f8131c                eth_init
                0x0000000033f813e4                eth_set_current
                0x0000000033f81480                eth_get_name
 .text          0x0000000033f814a0     0x13cc net/libnet.a(net.o)
                0x0000000033f81514                NetStartAgain
                0x0000000033f8163c                NetSetHandler
                0x0000000033f8164c                NetSetTimeout
                0x0000000033f81680                NetSendPacket
                0x0000000033f81684                NetCksum
                0x0000000033f816c0                NetCksumOk
                0x0000000033f816e4                NetEthHdrSize
                0x0000000033f81730                NetSetEther
                0x0000000033f817e4                ArpRequest
                0x0000000033f818e0                ArpTimeoutCheck
                0x0000000033f81954                PingSend
                0x0000000033f81a9c                NetReceive
                0x0000000033f8208c                NetSetIP
                0x0000000033f8218c                NetSendUDPPacket
                0x0000000033f822c8                copy_filename
                0x0000000033f8230c                random_port
                0x0000000033f82328                ip_to_string
                0x0000000033f8237c                VLAN_to_string
                0x0000000033f823c8                string_to_VLAN
                0x0000000033f82420                getenv_VLAN
                0x0000000033f82430                NetLoop
 .text          0x0000000033f8286c      0xe10 net/libnet.a(nfs.o)
                0x0000000033f83458                NfsStart
 .text          0x0000000033f8367c      0x198 net/libnet.a(rarp.o)
                0x0000000033f836d4                RarpRequest
 .text          0x0000000033f83814      0x7bc net/libnet.a(tftp.o)
                0x0000000033f83d00                TftpStart
 .text          0x0000000033f83fd0      0x9b0 net/libnet.a(bootp.o)
                0x0000000033f846b8                BootpRequest
                0x0000000033f8497c                DhcpRequest
 .text          0x0000000033f84980      0x628 drivers/i2c/libi2c.a(s3c24x0_i2c.o)
                0x0000000033f84cc4                i2c_init
                0x0000000033f84e24                i2c_probe
                0x0000000033f84e60                i2c_read
                0x0000000033f84f08                i2c_write
 .text          0x0000000033f84fa8       0xb0 drivers/mtd/nand/libnand.a(nand.o)
                0x0000000033f84fa8                nand_init
 .text          0x0000000033f85058     0x3b68 drivers/mtd/nand/libnand.a(nand_base.o)
                0x0000000033f87048                nand_wait_ready
                0x0000000033f87c14                nand_erase_nand
                0x0000000033f88018                nand_scan_ident
                0x0000000033f885d8                nand_scan_tail
                0x0000000033f88b78                nand_scan
                0x0000000033f88b98                nand_release
 .text          0x0000000033f88bc0     0x1728 drivers/mtd/nand/libnand.a(nand_bbt.o)
                0x0000000033f89aac                nand_update_bbt
                0x0000000033f89d68                nand_scan_bbt
                0x0000000033f8a1e4                nand_default_bbt
                0x0000000033f8a294                nand_isbad_bbt
 .text          0x0000000033f8a2e8      0x214 drivers/mtd/nand/libnand.a(nand_ecc.o)
                0x0000000033f8a2e8                nand_calculate_ecc
                0x0000000033f8a3d8                nand_correct_data
 .text          0x0000000033f8a4fc        0x0 drivers/mtd/nand/libnand.a(nand_ids.o)
 .text          0x0000000033f8a4fc       0xdc drivers/mtd/nand/libnand.a(s3c2410_nand.o)
                0x0000000033f8a570                board_nand_init
 .text          0x0000000033f8a5d8      0x114 drivers/serial/libserial.a(serial_s3c24x0.o)
                0x0000000033f8a5d8                _serial_setbrg
                0x0000000033f8a600                serial_setbrg
                0x0000000033f8a608                serial_init
                0x0000000033f8a644                _serial_getc
                0x0000000033f8a660                serial_getc
                0x0000000033f8a668                serial_putc
                0x0000000033f8a670                _serial_putc
                0x0000000033f8a698                _serial_tstc
                0x0000000033f8a6ac                serial_tstc
                0x0000000033f8a6bc                _serial_puts
                0x0000000033f8a6e4                serial_puts
 .text          0x0000000033f8a6ec      0x388 drivers/usb/slave/libusb_slave.a(usbinit.o)
                0x0000000033f8a6ec                awaitkey
                0x0000000033f8a758                usb_init_slave
                0x0000000033f8a7c0                usb_receive
                0x0000000033f8aa10                HaltUndef
                0x0000000033f8aa24                HaltSwi
                0x0000000033f8aa38                HaltPabort
                0x0000000033f8aa4c                HaltDabort
                0x0000000033f8aa60                udc_disconnect
 .text          0x0000000033f8aa74      0x264 drivers/usb/slave/libusb_slave.a(interrupt.o)
                0x0000000033f8aa74                IsrWatchdog
                0x0000000033f8aaa4                IsrTimer4
                0x0000000033f8aac8                Dummy_isr
                0x0000000033f8aae8                ClearPending_my
                0x0000000033f8aaf8                Timer_InitEx
                0x0000000033f8ab3c                Timer_StartEx
                0x0000000033f8ab98                Timer_StopEx
                0x0000000033f8ac0c                Isr_Init
                0x0000000033f8ac94                IRQ_Handle
 .text          0x0000000033f8acd8      0x290 drivers/usb/slave/libusb_slave.a(usblib.o)
                0x0000000033f8acd8                ReconfigUsbd
                0x0000000033f8adb0                ConfigUsbd
                0x0000000033f8adcc                RdPktEp0
                0x0000000033f8adf0                WrPktEp0
                0x0000000033f8ae14                WrPktEp1
                0x0000000033f8ae38                WrPktEp2
                0x0000000033f8ae5c                RdPktEp3
                0x0000000033f8ae80                RdPktEp4
                0x0000000033f8aea4                ConfigEp3DmaMode
                0x0000000033f8af2c                ConfigEp3IntMode
 .text          0x0000000033f8af68      0x110 drivers/usb/slave/libusb_slave.a(usbmain.o)
                0x0000000033f8af68                UsbdMain
                0x0000000033f8af7c                IsrUsbd
                0x0000000033f8b03c                _WrDbgStrFifo
                0x0000000033f8b06c                DbgPrintf
 .text          0x0000000033f8b078      0x368 drivers/usb/slave/libusb_slave.a(usbout.o)
                0x0000000033f8b0c4                Ep3Handler
                0x0000000033f8b238                IsrDma2
                0x0000000033f8b3c0                ClearEp3OutPktReady
 .text          0x0000000033f8b3e0      0x908 drivers/usb/slave/libusb_slave.a(usbsetup.o)
                0x0000000033f8b3e0                Ep0Handler
                0x0000000033f8bbc4                InitDescriptorTable
 .text          0x0000000033f8bce8       0xa0 drivers/usb/slave/libusb_slave.a(usbin.o)
                0x0000000033f8bce8                PrepareEp1Fifo
                0x0000000033f8bd4c                Ep1Handler
 .text          0x0000000033f8bd88       0xe8 common/libcommon.a(cmd_bdinfo.o)
                0x0000000033f8bd88                do_bdinfo
 .text          0x0000000033f8be70       0x84 common/libcommon.a(cmd_boot.o)
                0x0000000033f8be70                do_go_exec
                0x0000000033f8be80                do_go
 .text          0x0000000033f8bef4      0xda0 common/libcommon.a(cmd_bootm.o)
                0x0000000033f8bfc8                do_bootd
                0x0000000033f8c428                do_iminfo
                0x0000000033f8c7ec                arch_preboot_os
                0x0000000033f8c7ec                __arch_preboot_os
                0x0000000033f8c7f0                do_bootm_subcommand
                0x0000000033f8c9bc                do_bootm
 .text          0x0000000033f8cc94      0x12c common/libcommon.a(cmd_cache.o)
                0x0000000033f8ccd8                do_icache
                0x0000000033f8cd4c                do_dcache
 .text          0x0000000033f8cdc0       0xb8 common/libcommon.a(cmd_console.o)
                0x0000000033f8cdc0                do_coninfo
 .text          0x0000000033f8ce78      0x338 common/libcommon.a(cmd_date.o)
                0x0000000033f8cebc                mk_date
                0x0000000033f8d090                do_date
 .text          0x0000000033f8d1b0       0x8c common/libcommon.a(cmd_echo.o)
                0x0000000033f8d1b0                do_echo
 .text          0x0000000033f8d23c      0x22c common/libcommon.a(cmd_eeprom.o)
                0x0000000033f8d23c                eeprom_read
                0x0000000033f8d2b8                eeprom_write
                0x0000000033f8d334                eeprom_probe
                0x0000000033f8d340                eeprom_init
                0x0000000033f8d350                do_eeprom
 .text          0x0000000033f8d468      0x430 common/libcommon.a(cmd_elf.o)
                0x0000000033f8d468                do_bootelf_exec
                0x0000000033f8d4a8                valid_elf_image
                0x0000000033f8d4f4                load_elf_image
                0x0000000033f8d580                do_bootelf
                0x0000000033f8d614                do_bootvx
 .text          0x0000000033f8d898       0x30 common/libcommon.a(cmd_exit.o)
                0x0000000033f8d898                do_exit
 .text          0x0000000033f8d8c8      0x364 common/libcommon.a(cmd_fat.o)
                0x0000000033f8d8c8                do_fat_fsinfo
                0x0000000033f8d9a4                do_fat_fsload
                0x0000000033f8db24                do_fat_ls
 .text          0x0000000033f8dc2c      0xaa4 common/libcommon.a(cmd_flash.o)
                0x0000000033f8df18                do_flinfo
                0x0000000033f8df78                flash_sect_roundb
                0x0000000033f8e104                flash_sect_erase
                0x0000000033f8e1d0                do_flerase
                0x0000000033f8e364                flash_sect_protect
                0x0000000033f8e450                do_protect
 .text          0x0000000033f8e6d0       0x48 common/libcommon.a(cmd_help.o)
                0x0000000033f8e6d0                do_help
 .text          0x0000000033f8e718      0xa90 common/libcommon.a(cmd_i2c.o)
                0x0000000033f8e948                __def_i2c_get_bus_speed
                0x0000000033f8e948                i2c_get_bus_speed
                0x0000000033f8e954                __def_i2c_set_bus_speed
                0x0000000033f8e954                i2c_set_bus_speed
                0x0000000033f8e968                do_i2c_md
                0x0000000033f8eb68                do_i2c_mw
                0x0000000033f8ec94                do_i2c_crc
                0x0000000033f8ede0                do_i2c_probe
                0x0000000033f8ee2c                do_i2c_loop
                0x0000000033f8ef38                do_i2c_bus_speed
                0x0000000033f8efa8                do_i2c
 .text          0x0000000033f8f1a8      0x310 common/libcommon.a(cmd_itest.o)
                0x0000000033f8f21c                binary_test
                0x0000000033f8f41c                do_itest
 .text          0x0000000033f8f4b8      0x5ec common/libcommon.a(cmd_jffs2.o)
                0x0000000033f8f550                mtdparts_init
                0x0000000033f8f8bc                do_jffs2_fsload
                0x0000000033f8f9f0                do_jffs2_ls
                0x0000000033f8fa48                do_jffs2_fsinfo
 .text          0x0000000033f8faa4      0xe10 common/libcommon.a(cmd_load.o)
                0x0000000033f8ff68                do_load_serial
                0x0000000033f90040                send_pad
                0x0000000033f90070                ktrans
                0x0000000033f90094                chk1
                0x0000000033f900bc                s1_sendpacket
                0x0000000033f900e4                send_ack
                0x0000000033f90140                send_nack
                0x0000000033f9019c                k_data_init
                0x0000000033f901b4                k_data_save
                0x0000000033f901d8                k_data_restore
                0x0000000033f901fc                k_data_char
                0x0000000033f90250                handle_send_packet
                0x0000000033f90414                do_load_serial_bin
 .text          0x0000000033f908b4      0xa24 common/libcommon.a(cmd_mem.o)
                0x0000000033f908b4                do_mem_loop
                0x0000000033f909a0                do_mem_md
                0x0000000033f90a70                do_mem_base
                0x0000000033f90ab0                do_mem_mtest
                0x0000000033f90c50                do_mem_mw
                0x0000000033f90d0c                do_mem_cmp
                0x0000000033f91000                do_mem_mm
                0x0000000033f91020                do_mem_cp
                0x0000000033f91210                do_mem_crc
                0x0000000033f912b8                do_mem_nm
 .text          0x0000000033f912d8       0x84 common/libcommon.a(cmd_misc.o)
                0x0000000033f912d8                do_sleep
 .text          0x0000000033f9135c      0x124 common/libcommon.a(cmd_mmc.o)
                0x0000000033f9135c                do_mmc
 .text          0x0000000033f91480      0xcfc common/libcommon.a(cmd_nand.o)
                0x0000000033f914e4                do_nandboot
                0x0000000033f91950                do_nand
 .text          0x0000000033f9217c      0x3a8 common/libcommon.a(cmd_net.o)
                0x0000000033f92460                do_bootp
                0x0000000033f9246c                do_tftpb
                0x0000000033f92478                do_rarpb
                0x0000000033f92484                do_dhcp
                0x0000000033f92490                do_nfs
                0x0000000033f9249c                do_ping
 .text          0x0000000033f92524      0x998 common/libcommon.a(cmd_nvedit.o)
                0x0000000033f92524                do_saveenv
                0x0000000033f92550                get_env_id
                0x0000000033f92560                envmatch
                0x0000000033f926a4                do_printenv
                0x0000000033f92734                _do_setenv
                0x0000000033f92b68                setenv
                0x0000000033f92bb4                do_setenv
                0x0000000033f92bd8                do_askenv
                0x0000000033f92d3c                getenv
                0x0000000033f92dac                do_editenv
                0x0000000033f92e10                getenv_r
 .text          0x0000000033f92ebc        0x8 common/libcommon.a(cmd_reginfo.o)
                0x0000000033f92ebc                do_reginfo
 .text          0x0000000033f92ec4      0x18c common/libcommon.a(cmd_source.o)
                0x0000000033f92ec4                source
                0x0000000033f93008                do_source
 .text          0x0000000033f93050      0x474 common/libcommon.a(cmd_test.o)
                0x0000000033f93050                do_false
                0x0000000033f93058                do_true
                0x0000000033f93060                do_test
 .text          0x0000000033f934c4     0x1128 common/libcommon.a(cmd_usb.o)
                0x0000000033f934c4                do_usbboot
                0x0000000033f93850                usb_get_class_desc
                0x0000000033f9390c                usb_display_class_sub
                0x0000000033f93a7c                usb_display_string
                0x0000000033f93ab4                usb_display_desc
                0x0000000033f93be8                usb_display_conf_desc
                0x0000000033f93c94                usb_display_if_desc
                0x0000000033f93d1c                usb_display_ep_desc
                0x0000000033f93dd4                usb_display_config
                0x0000000033f93e50                usb_show_tree_graph
                0x0000000033f94078                usb_show_tree
                0x0000000033f940a8                do_usb
 .text          0x0000000033f945ec      0x140 common/libcommon.a(cmd_usbslave.o)
                0x0000000033f945ec                do_usbslave
 .text          0x0000000033f9472c       0x20 common/libcommon.a(cmd_version.o)
                0x0000000033f9472c                do_version
 .text          0x0000000033f9474c      0x2c0 common/libcommon.a(cmd_ximg.o)
                0x0000000033f9474c                do_imgextract
 .text          0x0000000033f94a0c      0x864 common/libcommon.a(command.o)
                0x0000000033f94a0c                var_complete
                0x0000000033f94a8c                find_cmd_tbl
                0x0000000033f94b24                find_cmd
                0x0000000033f94b4c                cmd_usage
                0x0000000033f94bac                _do_help
                0x0000000033f94d28                install_auto_complete
                0x0000000033f94d7c                cmd_auto_complete
                0x0000000033f95214                cmd_get_data_size
 .text          0x0000000033f95270      0x520 common/libcommon.a(console.o)
                0x0000000033f95318                serial_printf
                0x0000000033f95350                fgetc
                0x0000000033f95370                ftstc
                0x0000000033f95390                fputc
                0x0000000033f953b0                fputs
                0x0000000033f953d0                fprintf
                0x0000000033f95410                getc
                0x0000000033f95430                tstc
                0x0000000033f95450                putc
                0x0000000033f95470                puts
                0x0000000033f95490                printf
                0x0000000033f954c8                vprintf
                0x0000000033f954f4                ctrlc
                0x0000000033f95544                disable_ctrlc
                0x0000000033f9555c                had_ctrlc
                0x0000000033f9556c                clear_ctrlc
                0x0000000033f95580                dbg
                0x0000000033f9558c                search_device
                0x0000000033f955b4                console_assign
                0x0000000033f955f8                console_init_f
                0x0000000033f95608                stdio_print_current_devices
                0x0000000033f956b4                console_init_r
 .text          0x0000000033f95790     0x108c common/libcommon.a(dlmalloc.o)
                0x0000000033f95790                sbrk
                0x0000000033f957cc                mem_malloc_init
                0x0000000033f957f0                malloc_trim
                0x0000000033f958b0                free
                0x0000000033f95adc                malloc
                0x0000000033f960b0                calloc
                0x0000000033f96184                realloc
                0x0000000033f96644                memalign
                0x0000000033f9674c                valloc
                0x0000000033f96758                pvalloc
                0x0000000033f96770                cfree
                0x0000000033f96774                malloc_usable_size
                0x0000000033f967b0                mallopt
 .text          0x0000000033f9681c      0x278 common/libcommon.a(env_common.o)
                0x0000000033f9681c                env_crc_update
                0x0000000033f96848                env_get_char_memory
                0x0000000033f96868                env_get_char
                0x0000000033f96890                env_get_addr
                0x0000000033f968b0                set_default_env
                0x0000000033f968f8                env_relocate
                0x0000000033f96950                env_complete
 .text          0x0000000033f96a94      0x2a0 common/libcommon.a(env_nand.o)
                0x0000000033f96a94                env_get_char_spec
                0x0000000033f96aa0                env_init
                0x0000000033f96abc                writeenv
                0x0000000033f96b78                saveenv
                0x0000000033f96c1c                readenv
                0x0000000033f96cd8                env_relocate_spec
 .text          0x0000000033f96d34      0x1a4 common/libcommon.a(exports.o)
                0x0000000033f96d38                get_version
                0x0000000033f96d40                jumptable_init
 .text          0x0000000033f96ed8      0x348 common/libcommon.a(flash.o)
                0x0000000033f96ed8                flash_protect
                0x0000000033f96fb8                addr2info
                0x0000000033f97004                flash_write
                0x0000000033f9714c                flash_perror
 .text          0x0000000033f97220     0x1cf0 common/libcommon.a(hush.o)
                0x0000000033f975c8                do_showvar
                0x0000000033f979b0                simple_itoa
                0x0000000033f97a04                set_local_var
                0x0000000033f97bb0                unset_local_var
                0x0000000033f97c4c                new_pipe
                0x0000000033f97cbc                reserved_word
                0x0000000033f97f88                mapset
                0x0000000033f97fac                update_ifs_map
                0x0000000033f9801c                parse_string_outer
                0x0000000033f98e78                parse_file_outer
                0x0000000033f98ebc                u_boot_hush_start
 .text          0x0000000033f98f10      0x780 common/libcommon.a(image.o)
                0x0000000033f98f58                image_check_hcrc
                0x0000000033f98fa8                image_check_dcrc
                0x0000000033f98fe4                image_multi_count
                0x0000000033f99000                image_multi_getimg
                0x0000000033f99088                getenv_yesno
                0x0000000033f990b0                getenv_bootm_low
                0x0000000033f990e0                getenv_bootm_size
                0x0000000033f99114                memmove_wd
                0x0000000033f99118                genimg_print_size
                0x0000000033f99144                get_table_entry_name
                0x0000000033f99170                genimg_get_os_name
                0x0000000033f99188                genimg_get_arch_name
                0x0000000033f991a0                genimg_get_type_name
                0x0000000033f991b8                genimg_get_comp_name
                0x0000000033f991d0                image_print_contents
                0x0000000033f99398                get_table_entry_id
                0x0000000033f993e4                genimg_get_os_id
                0x0000000033f993fc                genimg_get_arch_id
                0x0000000033f99414                genimg_get_type_id
                0x0000000033f9942c                genimg_get_comp_id
                0x0000000033f99444                genimg_get_format
                0x0000000033f99458                genimg_get_image
                0x0000000033f9945c                genimg_has_config
                0x0000000033f99464                boot_get_ramdisk
 .text          0x0000000033f99690     0x1370 common/libcommon.a(main.o)
                0x0000000033f99840                __show_boot_progress
                0x0000000033f99840                show_boot_progress
                0x0000000033f99844                readline_into_buffer
                0x0000000033f9a160                readline
                0x0000000033f9a17c                parse_line
                0x0000000033f9a204                run_command
                0x0000000033f9a644                do_run
                0x0000000033f9a6b8                FriendlyARMMenu
                0x0000000033f9a904                main_loop
 .text          0x0000000033f9aa00      0x2d0 common/libcommon.a(s_record.o)
                0x0000000033f9aa78                srec_decode
 .text          0x0000000033f9acd0      0x184 common/libcommon.a(stdio.o)
                0x0000000033f9acd0                stdio_get_list
                0x0000000033f9acdc                stdio_get_by_name
                0x0000000033f9ad38                stdio_clone
                0x0000000033f9ad80                stdio_register
                0x0000000033f9adbc                stdio_init
 .text          0x0000000033f9ae54     0x159c common/libcommon.a(usb.o)
                0x0000000033f9aeac                wait_ms
                0x0000000033f9aed0                usb_stop
                0x0000000033f9aefc                usb_disable_asynch
                0x0000000033f9af14                usb_submit_int_msg
                0x0000000033f9af18                usb_control_msg
                0x0000000033f9afe8                usb_bulk_msg
                0x0000000033f9b050                usb_maxpacket
                0x0000000033f9b06c                usb_set_maxpacket
                0x0000000033f9b0c8                usb_parse_config
                0x0000000033f9b218                usb_clear_halt
                0x0000000033f9b2b4                usb_get_descriptor
                0x0000000033f9b314                usb_get_configuration_no
                0x0000000033f9b3b4                usb_set_address
                0x0000000033f9b3f4                usb_set_interface
                0x0000000033f9b4ac                usb_set_configuration
                0x0000000033f9b514                usb_set_protocol
                0x0000000033f9b570                usb_set_idle
                0x0000000033f9b5d4                usb_get_report
                0x0000000033f9b640                usb_get_class_descriptor
                0x0000000033f9b6ac                usb_get_string
                0x0000000033f9b82c                usb_string
                0x0000000033f9b92c                usb_get_dev_index
                0x0000000033f9b95c                usb_alloc_new_device
                0x0000000033f9b9f8                usb_get_hub_descriptor
                0x0000000033f9ba54                usb_clear_hub_feature
                0x0000000033f9baa8                usb_clear_port_feature
                0x0000000033f9bb04                usb_set_port_feature
                0x0000000033f9bba4                usb_get_hub_status
                0x0000000033f9bbf4                usb_get_port_status
                0x0000000033f9bcec                usb_hub_reset
                0x0000000033f9bd00                usb_hub_allocate
                0x0000000033f9bd48                usb_hub_probe
                0x0000000033f9bd9c                usb_new_device
                0x0000000033f9c030                usb_scan_devices
                0x0000000033f9c0ac                usb_init
                0x0000000033f9c128                usb_hub_port_connect_change
                0x0000000033f9c218                usb_hub_configure
 .text          0x0000000033f9c3f0     0x1510 common/libcommon.a(usb_storage.o)
                0x0000000033f9c6b0                usb_stor_get_dev
                0x0000000033f9c6cc                usb_show_progress
                0x0000000033f9c6d8                usb_stor_read
                0x0000000033f9c8d0                usb_stor_write
                0x0000000033f9cac8                usb_stor_info
                0x0000000033f9cb34                usb_stor_BBB_comdat
                0x0000000033f9cc0c                usb_stor_CB_comdat
                0x0000000033f9ce2c                usb_stor_CBI_get_status
                0x0000000033f9cef8                usb_stor_CB_transport
                0x0000000033f9d0fc                usb_stor_BBB_clear_endpt_stall
                0x0000000033f9d148                usb_stor_BBB_transport
                0x0000000033f9d314                usb_storage_probe
                0x0000000033f9d524                usb_stor_get_info
                0x0000000033f9d798                usb_stor_scan
 .text          0x0000000033f9d900      0x8dc common/libcommon.a(xyzModem.o)
                0x0000000033f9d900                CYGACC_COMM_IF_GETC_TIMEOUT
                0x0000000033f9dbf0                CYGACC_COMM_IF_PUTC
                0x0000000033f9dbf8                parse_num
                0x0000000033f9dd28                xyzModem_stream_open
                0x0000000033f9de70                xyzModem_stream_read
                0x0000000033f9e0d0                xyzModem_stream_close
                0x0000000033f9e124                xyzModem_stream_terminate
                0x0000000033f9e1bc                xyzModem_error
 .text          0x0000000033f9e1dc      0x194 board/tekkamanninja/mini2440/libmini2440.a(mini2440.o)
                0x0000000033f9e1dc                board_init
                0x0000000033f9e300                board_video_init
                0x0000000033f9e34c                dram_init
                0x0000000033f9e36c                board_eth_init
 .text          0x0000000033f9e370      0x53c board/tekkamanninja/mini2440/libmini2440.a(flash.o)
                0x0000000033f9e40c                flash_init
                0x0000000033f9e4a4                flash_print_info
                0x0000000033f9e5d4                flash_erase
                0x0000000033f9e75c                write_buff
 .text          0x0000000033f9e8ac       0x48 lib_generic/libgeneric.a(crc16.o)
                0x0000000033f9e8ac                cyg_crc16
 .text          0x0000000033f9e8f4       0xf0 lib_generic/libgeneric.a(crc32.o)
                0x0000000033f9e8f4                crc32_no_comp
                0x0000000033f9e9cc                crc32
                0x0000000033f9e9e0                crc32_wd
 .text          0x0000000033f9e9e4        0x0 lib_generic/libgeneric.a(ctype.o)
 .text          0x0000000033f9e9e4      0x23c lib_generic/libgeneric.a(display_options.o)
                0x0000000033f9e9e4                display_options
                0x0000000033f9ea04                print_size
                0x0000000033f9eacc                print_buffer
 .text          0x0000000033f9ec20      0x1c0 lib_generic/libgeneric.a(gunzip.o)
                0x0000000033f9ec20                zalloc
                0x0000000033f9ec30                zfree
                0x0000000033f9ec38                zunzip
                0x0000000033f9ed28                gunzip
 .text          0x0000000033f9ede0       0x70 lib_generic/libgeneric.a(net_utils.o)
                0x0000000033f9ede0                string_to_ip
 .text          0x0000000033f9ee50      0x5bc lib_generic/libgeneric.a(string.o)
                0x0000000033f9ee50                strcpy
                0x0000000033f9ee68                strncpy
                0x0000000033f9ee8c                strcat
                0x0000000033f9eebc                strncat
                0x0000000033f9ef10                strcmp
                0x0000000033f9ef3c                strncmp
                0x0000000033f9ef7c                strchr
                0x0000000033f9efa8                strlen
                0x0000000033f9efc8                strrchr
                0x0000000033f9f004                strnlen
                0x0000000033f9f030                strdup
                0x0000000033f9f070                strspn
                0x0000000033f9f0ac                strpbrk
                0x0000000033f9f0e8                strtok
                0x0000000033f9f170                strsep
                0x0000000033f9f1a8                strswab
                0x0000000033f9f1f0                memset
                0x0000000033f9f24c                bcopy
                0x0000000033f9f270                memcpy
                0x0000000033f9f2d4                memmove
                0x0000000033f9f314                memcmp
                0x0000000033f9f344                memscan
                0x0000000033f9f370                strstr
                0x0000000033f9f3dc                memchr
 .text          0x0000000033f9f40c       0x30 lib_generic/libgeneric.a(time.o)
                0x0000000033f9f40c                udelay
 .text          0x0000000033f9f43c      0xdec lib_generic/libgeneric.a(vsprintf.o)
                0x0000000033f9f950                simple_strtoul
                0x0000000033f9fa08                simple_strtol
                0x0000000033f9fa2c                ustrtoul
                0x0000000033f9fa9c                simple_strtoull
                0x0000000033f9fb78                vsprintf
                0x0000000033fa01b0                sprintf
                0x0000000033fa01d8                panic
 .text          0x0000000033fa0228     0x2580 lib_generic/libgeneric.a(zlib.o)
                0x0000000033fa0228                zcalloc
                0x0000000033fa0230                zcfree
                0x0000000033fa0238                inflate_fast
                0x0000000033fa079c                inflate_table
                0x0000000033fa0cec                inflateReset
                0x0000000033fa0d90                inflateInit2_
                0x0000000033fa0e98                inflateInit_
                0x0000000033fa0eac                inflateEnd
                0x0000000033fa0f3c                adler32
                0x0000000033fa1284                inflate
 .text          0x0000000033fa27a8       0xd0 lib_generic/libgeneric.a(div64.o)
                0x0000000033fa27a8                __div64_32
 .text          0x0000000033fa2878       0x14 cpu/arm920t/s3c24x0/libs3c24x0.a(interrupts.o)
                0x0000000033fa2878                do_irq
                0x0000000033fa2884                arch_interrupt_init
 .text          0x0000000033fa288c      0x154 cpu/arm920t/s3c24x0/libs3c24x0.a(speed.o)
                0x0000000033fa288c                get_FCLK
                0x0000000033fa28cc                get_HCLK
                0x0000000033fa297c                get_PCLK
                0x0000000033fa29a0                get_UCLK
 .text          0x0000000033fa29e0      0x238 cpu/arm920t/s3c24x0/libs3c24x0.a(timer.o)
                0x0000000033fa29e0                timer_init
                0x0000000033fa2a5c                set_timer
                0x0000000033fa2a6c                reset_timer_masked
                0x0000000033fa2a94                reset_timer
                0x0000000033fa2a98                get_ticks
                0x0000000033fa2ae0                __udelay
                0x0000000033fa2b34                get_timer_masked
                0x0000000033fa2b60                get_timer
                0x0000000033fa2b74                udelay_masked
                0x0000000033fa2bf0                get_tbclk
                0x0000000033fa2bf8                reset_cpu
 .text          0x0000000033fa2c18     0x150c cpu/arm920t/s3c24x0/libs3c24x0.a(usb_ohci.o)
                0x0000000033fa2e4c                sohci_submit_job
                0x0000000033fa33d4                rh_check_port_status
                0x0000000033fa3428                submit_common_msg
                0x0000000033fa3934                submit_bulk_msg
                0x0000000033fa3950                submit_control_msg
                0x0000000033fa3ee8                submit_int_msg
                0x0000000033fa3ef0                usb_lowlevel_init
                0x0000000033fa40e8                usb_lowlevel_stop
 .text          0x0000000033fa4124      0xa44 cpu/arm920t/s3c24x0/libs3c24x0.a(mmc.o)
                0x0000000033fa42f0                mmc_get_dev
                0x0000000033fa42fc                mmc_read
                0x0000000033fa440c                mmc_bread
                0x0000000033fa4430                mmc_write
                0x0000000033fa4508                mmc_init
                0x0000000033fa4b58                mmc_ident
                0x0000000033fa4b60                mmc2info
 .text          0x0000000033fa4b68      0x1a8 lib_arm/libarm.a(bootm.o)
                0x0000000033fa4b68                do_bootm_linux
 .text          0x0000000033fa4d10        0x4 lib_arm/libarm.a(cache.o)
                0x0000000033fa4d10                flush_cache
 .text          0x0000000033fa4d14       0xb0 lib_arm/libarm.a(cache-cp15.o)
                0x0000000033fa4d44                icache_enable
                0x0000000033fa4d5c                icache_disable
                0x0000000033fa4d74                icache_status
                0x0000000033fa4d84                dcache_enable
                0x0000000033fa4d9c                dcache_disable
                0x0000000033fa4db4                dcache_status
 .text          0x0000000033fa4dc4       0x30 lib_arm/libarm.a(reset.o)
                0x0000000033fa4dc4                do_reset
 .text          0x0000000033fa4df4     0x1210 fs/fat/libfat.a(fat.o)
                0x0000000033fa4fb4                disk_read
                0x0000000033fa5450                fat_register_device
                0x0000000033fa5544                do_fat_read
                0x0000000033fa5e68                file_fat_detectfs
                0x0000000033fa5fbc                file_fat_ls
                0x0000000033fa5fcc                file_fat_read
 .text          0x0000000033fa6004     0x1be4 fs/jffs2/libjffs2.a(jffs2_1pass.o)
                0x0000000033fa6724                jffs2_free_cache
                0x0000000033fa6780                mkmodestr
                0x0000000033fa6e78                jffs2_1pass_rescan_needed
                0x0000000033fa74cc                jffs2_1pass_ls
                0x0000000033fa7524                jffs2_1pass_load
                0x0000000033fa7ac8                jffs2_1pass_info
 .text          0x0000000033fa7be8       0xbc fs/jffs2/libjffs2.a(compr_rtime.o)
                0x0000000033fa7be8                rtime_decompress
 .text          0x0000000033fa7ca4      0x110 fs/jffs2/libjffs2.a(compr_rubin.o)
                0x0000000033fa7ca4                rubin_do_decompress
                0x0000000033fa7d78                dynrubin_decompress
 .text          0x0000000033fa7db4       0x18 fs/jffs2/libjffs2.a(compr_zlib.o)
                0x0000000033fa7db4                zlib_decompress
 .text          0x0000000033fa7dcc      0x8fc fs/jffs2/libjffs2.a(mini_inflate.o)
                0x0000000033fa7e90                cramfs_memset
                0x0000000033fa7ee8                pull_bits
                0x0000000033fa7f40                pull_bit
                0x0000000033fa813c                decompress_block
 .text          0x0000000033fa86c8      0x370 disk/libdisk.a(part.o)
                0x0000000033fa86c8                get_dev
                0x0000000033fa8728                dev_print
                0x0000000033fa8918                init_part
                0x0000000033fa8934                get_partition_info
                0x0000000033fa8960                print_part
 .text          0x0000000033fa8a38      0x4b4 disk/libdisk.a(part_dos.o)
                0x0000000033fa8e4c                test_part_dos
                0x0000000033fa8ea0                print_part_dos
                0x0000000033fa8ecc                get_partition_info_dos
 .text          0x0000000033fa8eec      0x858 drivers/mtd/nand/libnand.a(nand_util.o)
                0x0000000033fa8f80                nand_erase_opts
                0x0000000033fa92c8                nand_write_skip_bad
                0x0000000033fa956c                nand_read_skip_bad
 .text          0x0000000033fa9744      0x8c4 drivers/net/libnet.a(dm9000x.o)
                0x0000000033fa9fa8                dm9000_initialize
 .text          0x0000000033faa008      0x270 drivers/rtc/librtc.a(date.o)
                0x0000000033faa008                GregorianDay
                0x0000000033faa0f0                to_tm
                0x0000000033faa1f8                mktime
 .text          0x0000000033faa278      0x260 drivers/rtc/librtc.a(s3c24x0_rtc.o)
                0x0000000033faa278                rtc_get
                0x0000000033faa394                rtc_set
                0x0000000033faa4b4                rtc_reset
 .text          0x0000000033faa4d8       0x1c cpu/arm920t/libarm920t.a(cpu.o)
                0x0000000033faa4d8                cleanup_before_linux
 .text          0x0000000033faa4f4       0x1c /home/jqh/work/gitdir/bootloader/u-boot/lib_arm/eabi_compat.o
                0x0000000033faa4f4                raise
 .text          0x0000000033faa510      0x20c /opt/FriendlyARM/toolchain/4.9.3/lib/gcc/arm-cortexa9-linux-gnueabihf/4.9.3/libgcc.a(_udivsi3.o)
                0x0000000033faa510                __udivsi3
                0x0000000033faa510                __aeabi_uidiv
                0x0000000033faa6fc                __aeabi_uidivmod
 .text          0x0000000033faa71c      0x240 /opt/FriendlyARM/toolchain/4.9.3/lib/gcc/arm-cortexa9-linux-gnueabihf/4.9.3/libgcc.a(_divsi3.o)
                0x0000000033faa71c                __aeabi_idiv
                0x0000000033faa71c                __divsi3
                0x0000000033faa93c                __aeabi_idivmod
 .text          0x0000000033faa95c       0x1c /opt/FriendlyARM/toolchain/4.9.3/lib/gcc/arm-cortexa9-linux-gnueabihf/4.9.3/libgcc.a(_lshrdi3.o)
                0x0000000033faa95c                __aeabi_llsr
                0x0000000033faa95c                __lshrdi3
 .text          0x0000000033faa978       0x1c /opt/FriendlyARM/toolchain/4.9.3/lib/gcc/arm-cortexa9-linux-gnueabihf/4.9.3/libgcc.a(_ashrdi3.o)
                0x0000000033faa978                __ashrdi3
                0x0000000033faa978                __aeabi_lasr
 .text          0x0000000033faa994       0x1c /opt/FriendlyARM/toolchain/4.9.3/lib/gcc/arm-cortexa9-linux-gnueabihf/4.9.3/libgcc.a(_ashldi3.o)
                0x0000000033faa994                __ashldi3
                0x0000000033faa994                __aeabi_llsl
 .text          0x0000000033faa9b0       0x10 /opt/FriendlyARM/toolchain/4.9.3/lib/gcc/arm-cortexa9-linux-gnueabihf/4.9.3/libgcc.a(_dvmd_lnx.o)
                0x0000000033faa9b0                __aeabi_ldiv0
                0x0000000033faa9b0                __aeabi_idiv0

.glue_7         0x0000000033faa9c0        0x0
 .glue_7        0x0000000033faa9c0        0x0 linker stubs

.glue_7t        0x0000000033faa9c0        0x0
 .glue_7t       0x0000000033faa9c0        0x0 linker stubs

.vfp11_veneer   0x0000000033faa9c0        0x0
 .vfp11_veneer  0x0000000033faa9c0        0x0 linker stubs

.v4_bx          0x0000000033faa9c0        0x0
 .v4_bx         0x0000000033faa9c0        0x0 linker stubs

.iplt           0x0000000033faa9c0        0x0
 .iplt          0x0000000033faa9c0        0x0 cpu/arm920t/start.o

.text.unlikely  0x0000000033faa9c0      0x224
 .text.unlikely
                0x0000000033faa9c0      0x224 common/libcommon.a(cmd_nand.o)
                0x0000000033faabe4                . = ALIGN (0x4)

.rodata         0x0000000033faabe4     0x987a
 *(SORT(.rodata*))
 .rodata        0x0000000033faabe4       0x80 lib_arm/libarm.a(interrupts.o)
 .rodata        0x0000000033faac64       0x4c common/libcommon.a(cmd_bootm.o)
 .rodata        0x0000000033faacb0       0x20 common/libcommon.a(xyzModem.o)
 .rodata        0x0000000033faacd0      0x400 lib_generic/libgeneric.a(crc32.o)
 .rodata        0x0000000033fab0d0      0x9cc lib_generic/libgeneric.a(zlib.o)
                0x0000000033faba74                z_errmsg
 .rodata        0x0000000033faba9c       0x40 cpu/arm920t/s3c24x0/libs3c24x0.a(usb_ohci.o)
 .rodata        0x0000000033fabadc       0xc0 fs/jffs2/libjffs2.a(jffs2_1pass.o)
 .rodata        0x0000000033fabb9c       0x18 disk/libdisk.a(part.o)
 .rodata        0x0000000033fabbb4       0x30 drivers/rtc/librtc.a(date.o)
 .rodata        0x0000000033fabbe4      0x200 lib_generic/libgeneric.a(crc16.o)
 .rodata        0x0000000033fabde4       0x2a lib_arm/libarm.a(board.o)
                0x0000000033fabde4                version_string
 .rodata        0x0000000033fabe0e        0x7 net/libnet.a(eth.o)
 .rodata        0x0000000033fabe15        0x7 net/libnet.a(net.o)
 .rodata        0x0000000033fabe1c        0x5 drivers/mtd/nand/libnand.a(nand.o)
 .rodata        0x0000000033fabe21       0x54 drivers/mtd/nand/libnand.a(nand_base.o)
 .rodata        0x0000000033fabe75      0x100 drivers/mtd/nand/libnand.a(nand_ecc.o)
 .rodata        0x0000000033fabf75       0x4a drivers/usb/slave/libusb_slave.a(usbsetup.o)
 .rodata        0x0000000033fabfbf       0x1d common/libcommon.a(cmd_jffs2.o)
 .rodata        0x0000000033fabfdc       0x16 common/libcommon.a(command.o)
 .rodata        0x0000000033fabff2       0x21 lib_generic/libgeneric.a(vsprintf.o)
                0x0000000033fac002                hex_asc
 .rodata        0x0000000033fac013       0x13 fs/jffs2/libjffs2.a(mini_inflate.o)
 .rodata.str1.1
                0x0000000033fac026       0xce lib_arm/libarm.a(board.o)
                                         0xd0 (size before relaxing)
 .rodata.str1.1
                0x0000000033fac0f4      0x264 lib_arm/libarm.a(interrupts.o)
                                        0x268 (size before relaxing)
 .rodata.str1.1
                0x0000000033fac358       0xad net/libnet.a(eth.o)
                                         0xc7 (size before relaxing)
 .rodata.str1.1
                0x0000000033fac405      0x20c net/libnet.a(net.o)
                                        0x217 (size before relaxing)
 .rodata.str1.1
                0x0000000033fac611      0x193 net/libnet.a(nfs.o)
                                        0x1a9 (size before relaxing)
 .rodata.str1.1
                0x0000000033fac7a4       0x20 net/libnet.a(rarp.o)
                                         0x47 (size before relaxing)
 .rodata.str1.1
                0x0000000033fac7c4      0x162 net/libnet.a(tftp.o)
                                        0x249 (size before relaxing)
 .rodata.str1.1
                0x0000000033fac926      0x100 net/libnet.a(bootp.o)
                                        0x13d (size before relaxing)
 .rodata.str1.1
                0x0000000033faca26       0x78 drivers/i2c/libi2c.a(s3c24x0_i2c.o)
 .rodata.str1.1
                0x0000000033faca9e        0x8 drivers/mtd/nand/libnand.a(nand.o)
 .rodata.str1.1
                0x0000000033facaa6      0x2e3 drivers/mtd/nand/libnand.a(nand_base.o)
 .rodata.str1.1
                0x0000000033facd89      0x309 drivers/mtd/nand/libnand.a(nand_bbt.o)
 .rodata.str1.1
                0x0000000033fad092      0x31f drivers/mtd/nand/libnand.a(nand_ids.o)
                                        0x335 (size before relaxing)
 .rodata.str1.1
                0x0000000033fad3b1      0x181 drivers/usb/slave/libusb_slave.a(usbinit.o)
 .rodata.str1.1
                0x0000000033fad532       0x36 drivers/usb/slave/libusb_slave.a(interrupt.o)
 .rodata.str1.1
                0x0000000033fad568       0x10 drivers/usb/slave/libusb_slave.a(usbout.o)
 .rodata.str1.1
                0x0000000033fad578       0xaa common/libcommon.a(cmd_bdinfo.o)
                                         0xb3 (size before relaxing)
 .rodata.str1.1
                0x0000000033fad622       0xef common/libcommon.a(cmd_boot.o)
                                         0xf0 (size before relaxing)
 .rodata.str1.1
                0x0000000033fad711      0x86b common/libcommon.a(cmd_bootm.o)
                                        0x8c8 (size before relaxing)
 .rodata.str1.1
                0x0000000033fadf7c       0xd9 common/libcommon.a(cmd_cache.o)
                                        0x107 (size before relaxing)
 .rodata.str1.1
                0x0000000033fae055       0x5c common/libcommon.a(cmd_console.o)
                                         0x61 (size before relaxing)
 .rodata.str1.1
                0x0000000033fae0b1      0x175 common/libcommon.a(cmd_date.o)
                                        0x17b (size before relaxing)
 .rodata.str1.1
                0x0000000033fae226       0x50 common/libcommon.a(cmd_echo.o)
                                         0x55 (size before relaxing)
 .rodata.str1.1
                0x0000000033fae276       0xc1 common/libcommon.a(cmd_eeprom.o)
                                         0xc7 (size before relaxing)
 .rodata.str1.1
                0x0000000033fae337      0x278 common/libcommon.a(cmd_elf.o)
                                        0x29a (size before relaxing)
 .rodata.str1.1
                0x0000000033fae5af       0x11 common/libcommon.a(cmd_exit.o)
                                         0x12 (size before relaxing)
 .rodata.str1.1
                0x0000000033fae5c0      0x396 common/libcommon.a(cmd_fat.o)
                                        0x3a5 (size before relaxing)
 .rodata.str1.1
                0x0000000033fae956      0x71d common/libcommon.a(cmd_flash.o)
                                        0x730 (size before relaxing)
 .rodata.str1.1
                0x0000000033faf073       0x9a common/libcommon.a(cmd_help.o)
                                         0x9b (size before relaxing)
 .rodata.str1.1
                0x0000000033faf10d      0x357 common/libcommon.a(cmd_i2c.o)
                                        0x387 (size before relaxing)
 .rodata.str1.1
                0x0000000033faf464       0xb3 common/libcommon.a(cmd_itest.o)
                                         0xb5 (size before relaxing)
 .rodata.str1.1
                0x0000000033faf517      0x2bd common/libcommon.a(cmd_jffs2.o)
                                        0x325 (size before relaxing)
 .rodata.str1.1
                0x0000000033faf7d4      0x3ae common/libcommon.a(cmd_load.o)
                                        0x3c8 (size before relaxing)
 .rodata.str1.1
                0x0000000033fafb82      0x4bc common/libcommon.a(cmd_mem.o)
                                        0x4f2 (size before relaxing)
 .rodata.str1.1
                0x0000000033fb003e       0x5f common/libcommon.a(cmd_misc.o)
 .rodata.str1.1
                0x0000000033fb009d       0xc0 common/libcommon.a(cmd_mmc.o)
                                         0xc7 (size before relaxing)
 .rodata.str1.1
                0x0000000033fb015d      0x821 common/libcommon.a(cmd_nand.o)
                                        0x880 (size before relaxing)
 .rodata.str1.1
                0x0000000033fb097e      0x1e1 common/libcommon.a(cmd_net.o)
                                        0x223 (size before relaxing)
 .rodata.str1.1
                0x0000000033fb0b5f      0x4d3 common/libcommon.a(cmd_nvedit.o)
                                        0x541 (size before relaxing)
 .rodata.str1.1
                0x0000000033fb1032       0x23 common/libcommon.a(cmd_reginfo.o)
                                         0x24 (size before relaxing)
 .rodata.str1.1
                0x0000000033fb1055      0x101 common/libcommon.a(cmd_source.o)
                                        0x108 (size before relaxing)
 .rodata.str1.1
                0x0000000033fb1156       0x6e common/libcommon.a(cmd_test.o)
                                         0x96 (size before relaxing)
 .rodata.str1.1
                0x0000000033fb11c4      0x82f common/libcommon.a(cmd_usb.o)
                                        0x969 (size before relaxing)
 .rodata.str1.1
                0x0000000033fb19f3       0xa8 common/libcommon.a(cmd_usbslave.o)
                                         0xb4 (size before relaxing)
 .rodata.str1.1
                0x0000000033fb1a9b       0x16 common/libcommon.a(cmd_version.o)
                                         0x24 (size before relaxing)
 .rodata.str1.1
                0x0000000033fb1ab1      0x17e common/libcommon.a(cmd_ximg.o)
                                        0x22f (size before relaxing)
 .rodata.str1.1
                0x0000000033fb1c2f       0xa9 common/libcommon.a(command.o)
                                         0xc9 (size before relaxing)
 .rodata.str1.1
                0x0000000033fb1cd8       0x70 common/libcommon.a(console.o)
                                         0x74 (size before relaxing)
 .rodata.str1.1
                0x0000000033fb1d48       0x33 common/libcommon.a(env_common.o)
                                         0x37 (size before relaxing)
 .rodata.str1.1
                0x0000000033fb1d7b       0x6e common/libcommon.a(env_nand.o)
                                         0x74 (size before relaxing)
 .rodata.str1.1
                0x0000000033fb1de9       0xf7 common/libcommon.a(flash.o)
                                        0x10c (size before relaxing)
 .rodata.str1.1
                0x0000000033fb1ee0      0x21b common/libcommon.a(hush.o)
                                        0x25a (size before relaxing)
 .rodata.str1.1
                0x0000000033fb20fb      0x483 common/libcommon.a(image.o)
                                        0x523 (size before relaxing)
 .rodata.str1.1
                0x0000000033fb257e      0x38e common/libcommon.a(main.o)
                                        0x3ef (size before relaxing)
 .rodata.str1.1
                0x0000000033fb290c        0x7 common/libcommon.a(stdio.o)
                                         0x1b (size before relaxing)
 .rodata.str1.1
                0x0000000033fb2913      0x28b common/libcommon.a(usb.o)
 .rodata.str1.1
                0x0000000033fb2b9e      0x1ed common/libcommon.a(usb_storage.o)
                                        0x1ff (size before relaxing)
 .rodata.str1.1
                0x0000000033fb2d8b       0xe3 common/libcommon.a(xyzModem.o)
                                         0xe5 (size before relaxing)
 .rodata.str1.1
                0x0000000033fb2e6e       0xfd board/tekkamanninja/mini2440/libmini2440.a(flash.o)
                                        0x105 (size before relaxing)
 .rodata.str1.1
                0x0000000033fb2f6b       0x11 lib_generic/libgeneric.a(display_options.o)
                                         0x36 (size before relaxing)
 .rodata.str1.1
                0x0000000033fb2f7c       0x85 lib_generic/libgeneric.a(gunzip.o)
 .rodata.str1.1
                0x0000000033fb3001        0xe lib_generic/libgeneric.a(vsprintf.o)
 .rodata.str1.1
                0x0000000033fb300f      0x21c lib_generic/libgeneric.a(zlib.o)
                                        0x21d (size before relaxing)
 .rodata.str1.1
                0x0000000033fb322b      0x238 cpu/arm920t/s3c24x0/libs3c24x0.a(usb_ohci.o)
 .rodata.str1.1
                0x0000000033fb3463      0x334 cpu/arm920t/s3c24x0/libs3c24x0.a(mmc.o)
                                        0x343 (size before relaxing)
 .rodata.str1.1
                0x0000000033fb3797       0x42 lib_arm/libarm.a(bootm.o)
                                         0x4b (size before relaxing)
 .rodata.str1.1
                0x0000000033fb37d9        0xf lib_arm/libarm.a(reset.o)
 .rodata.str1.1
                0x0000000033fb37e8      0x15b fs/fat/libfat.a(fat.o)
                                        0x16d (size before relaxing)
 .rodata.str1.1
                0x0000000033fb3943      0x3d4 fs/jffs2/libjffs2.a(jffs2_1pass.o)
                                        0x3e7 (size before relaxing)
 .rodata.str1.1
                0x0000000033fb3d17      0x1af disk/libdisk.a(part.o)
                                        0x1e4 (size before relaxing)
 .rodata.str1.1
                0x0000000033fb3ec6       0xe5 disk/libdisk.a(part_dos.o)
                                         0xf1 (size before relaxing)
 .rodata.str1.1
                0x0000000033fb3fab      0x2ba drivers/mtd/nand/libnand.a(nand_util.o)
                                        0x2bc (size before relaxing)
 .rodata.str1.1
                0x0000000033fb4265      0x1de drivers/net/libnet.a(dm9000x.o)
                                        0x1e4 (size before relaxing)
 .rodata.str1.1
                0x0000000033fb4443       0x1b /home/jqh/work/gitdir/bootloader/u-boot/lib_arm/eabi_compat.o

.rel.dyn        0x0000000033fb4460        0x0
 .rel.iplt      0x0000000033fb4460        0x0 cpu/arm920t/start.o
                0x0000000033fb4460                . = ALIGN (0x4)

.data           0x0000000033fb4460     0x1a34
 *(.data)
 .data          0x0000000033fb4460        0x0 cpu/arm920t/start.o
 .data          0x0000000033fb4460        0x0 board/tekkamanninja/mini2440/lowlevel_init.o
 .data          0x0000000033fb4460        0x0 board/tekkamanninja/mini2440/nand_read.o
 .data          0x0000000033fb4460       0x30 lib_arm/libarm.a(board.o)
                0x0000000033fb4460                init_sequence
 .data          0x0000000033fb4490        0x0 lib_arm/libarm.a(interrupts.o)
 .data          0x0000000033fb4490        0x0 net/libnet.a(eth.o)
 .data          0x0000000033fb4490        0xa net/libnet.a(net.o)
                0x0000000033fb4490                NetOurVLAN
                0x0000000033fb4492                NetBcastAddr
                0x0000000033fb4498                NetOurNativeVLAN
 *fill*         0x0000000033fb449a        0x2 
 .data          0x0000000033fb449c        0x4 net/libnet.a(nfs.o)
 .data          0x0000000033fb44a0        0x0 net/libnet.a(rarp.o)
 .data          0x0000000033fb44a0       0x14 net/libnet.a(tftp.o)
                0x0000000033fb44ac                TftpRRQTimeoutCountMax
                0x0000000033fb44b0                TftpRRQTimeoutMSecs
 .data          0x0000000033fb44b4        0x0 net/libnet.a(bootp.o)
 .data          0x0000000033fb44b4        0x0 drivers/i2c/libi2c.a(s3c24x0_i2c.o)
 .data          0x0000000033fb44b4        0x4 drivers/mtd/nand/libnand.a(nand.o)
                0x0000000033fb44b4                nand_curr_device
 .data          0x0000000033fb44b8      0x920 drivers/mtd/nand/libnand.a(nand_base.o)
 .data          0x0000000033fb4dd8      0x10c drivers/mtd/nand/libnand.a(nand_bbt.o)
 .data          0x0000000033fb4ee4        0x0 drivers/mtd/nand/libnand.a(nand_ecc.o)
 .data          0x0000000033fb4ee4      0x4a0 drivers/mtd/nand/libnand.a(nand_ids.o)
                0x0000000033fb4ee4                nand_manuf_ids
                0x0000000033fb4f34                nand_flash_ids
 .data          0x0000000033fb5384        0x4 drivers/mtd/nand/libnand.a(s3c2410_nand.o)
                0x0000000033fb5384                IO_ADDR_W
 .data          0x0000000033fb5388        0x0 drivers/serial/libserial.a(serial_s3c24x0.o)
 .data          0x0000000033fb5388        0x0 drivers/usb/slave/libusb_slave.a(usbinit.o)
 .data          0x0000000033fb5388        0x0 drivers/usb/slave/libusb_slave.a(interrupt.o)
 .data          0x0000000033fb5388        0x0 drivers/usb/slave/libusb_slave.a(usblib.o)
 .data          0x0000000033fb5388        0x0 drivers/usb/slave/libusb_slave.a(usbmain.o)
 .data          0x0000000033fb5388        0x0 drivers/usb/slave/libusb_slave.a(usbout.o)
 .data          0x0000000033fb5388        0x2 drivers/usb/slave/libusb_slave.a(usbsetup.o)
                0x0000000033fb5388                Selfpwr
                0x0000000033fb5389                Configuration
 .data          0x0000000033fb538a        0x0 drivers/usb/slave/libusb_slave.a(usbin.o)
 .data          0x0000000033fb538a        0x0 common/libcommon.a(cmd_bdinfo.o)
 .data          0x0000000033fb538a        0x0 common/libcommon.a(cmd_boot.o)
 *fill*         0x0000000033fb538a        0x2 
 .data          0x0000000033fb538c       0xac common/libcommon.a(cmd_bootm.o)
                0x0000000033fb538c                load_addr
                0x0000000033fb5390                cmd_bootm_sub
 .data          0x0000000033fb5438        0x0 common/libcommon.a(cmd_cache.o)
 .data          0x0000000033fb5438        0x0 common/libcommon.a(cmd_console.o)
 .data          0x0000000033fb5438       0x1c common/libcommon.a(cmd_date.o)
                0x0000000033fb5438                weekdays
 .data          0x0000000033fb5454        0x0 common/libcommon.a(cmd_echo.o)
 .data          0x0000000033fb5454        0x0 common/libcommon.a(cmd_eeprom.o)
 .data          0x0000000033fb5454        0x0 common/libcommon.a(cmd_elf.o)
 .data          0x0000000033fb5454        0x0 common/libcommon.a(cmd_exit.o)
 .data          0x0000000033fb5454        0x0 common/libcommon.a(cmd_fat.o)
 .data          0x0000000033fb5454        0x0 common/libcommon.a(cmd_flash.o)
 .data          0x0000000033fb5454        0x0 common/libcommon.a(cmd_help.o)
 .data          0x0000000033fb5454        0x4 common/libcommon.a(cmd_i2c.o)
 .data          0x0000000033fb5458       0x68 common/libcommon.a(cmd_itest.o)
                0x0000000033fb5458                op_table
 .data          0x0000000033fb54c0        0x0 common/libcommon.a(cmd_jffs2.o)
 .data          0x0000000033fb54c0        0x4 common/libcommon.a(cmd_load.o)
 .data          0x0000000033fb54c4        0x4 common/libcommon.a(cmd_mem.o)
                0x0000000033fb54c4                dp_last_length
 .data          0x0000000033fb54c8        0x0 common/libcommon.a(cmd_misc.o)
 .data          0x0000000033fb54c8        0x4 common/libcommon.a(cmd_mmc.o)
 .data          0x0000000033fb54cc        0x0 common/libcommon.a(cmd_nand.o)
 .data          0x0000000033fb54cc        0x0 common/libcommon.a(cmd_net.o)
 .data          0x0000000033fb54cc        0x4 common/libcommon.a(cmd_nvedit.o)
 .data          0x0000000033fb54d0        0x0 common/libcommon.a(cmd_reginfo.o)
 .data          0x0000000033fb54d0        0x0 common/libcommon.a(cmd_source.o)
 .data          0x0000000033fb54d0        0x0 common/libcommon.a(cmd_test.o)
 .data          0x0000000033fb54d0        0x4 common/libcommon.a(cmd_usb.o)
 .data          0x0000000033fb54d4        0x4 common/libcommon.a(cmd_usbslave.o)
                0x0000000033fb54d4                g_bUSBWait
 .data          0x0000000033fb54d8        0x0 common/libcommon.a(cmd_version.o)
 .data          0x0000000033fb54d8        0x0 common/libcommon.a(cmd_ximg.o)
 .data          0x0000000033fb54d8        0x0 common/libcommon.a(command.o)
 .data          0x0000000033fb54d8        0x0 common/libcommon.a(console.o)
 .data          0x0000000033fb54d8      0x414 common/libcommon.a(dlmalloc.o)
 .data          0x0000000033fb58ec      0x12d common/libcommon.a(env_common.o)
                0x0000000033fb58ec                default_environment
 *fill*         0x0000000033fb5a19        0x3 
 .data          0x0000000033fb5a1c        0x4 common/libcommon.a(env_nand.o)
                0x0000000033fb5a1c                env_name_spec
 .data          0x0000000033fb5a20        0x0 common/libcommon.a(exports.o)
 .data          0x0000000033fb5a20        0x0 common/libcommon.a(flash.o)
 .data          0x0000000033fb5a20       0x84 common/libcommon.a(hush.o)
 .data          0x0000000033fb5aa4      0x228 common/libcommon.a(image.o)
 .data          0x0000000033fb5ccc       0x14 common/libcommon.a(main.o)
 .data          0x0000000033fb5ce0        0x0 common/libcommon.a(s_record.o)
 .data          0x0000000033fb5ce0        0xc common/libcommon.a(stdio.o)
                0x0000000033fb5ce0                stdio_names
 .data          0x0000000033fb5cec        0x0 common/libcommon.a(usb.o)
 .data          0x0000000033fb5cec       0x20 common/libcommon.a(usb_storage.o)
                0x0000000033fb5cec                us_direction
 .data          0x0000000033fb5d0c        0x0 common/libcommon.a(xyzModem.o)
 .data          0x0000000033fb5d0c        0x0 board/tekkamanninja/mini2440/libmini2440.a(mini2440.o)
 .data          0x0000000033fb5d0c        0x0 board/tekkamanninja/mini2440/libmini2440.a(flash.o)
 .data          0x0000000033fb5d0c        0x0 lib_generic/libgeneric.a(crc16.o)
 .data          0x0000000033fb5d0c        0x0 lib_generic/libgeneric.a(crc32.o)
 .data          0x0000000033fb5d0c      0x100 lib_generic/libgeneric.a(ctype.o)
                0x0000000033fb5d0c                _ctype
 .data          0x0000000033fb5e0c        0x0 lib_generic/libgeneric.a(display_options.o)
 .data          0x0000000033fb5e0c        0x0 lib_generic/libgeneric.a(gunzip.o)
 .data          0x0000000033fb5e0c        0x0 lib_generic/libgeneric.a(net_utils.o)
 .data          0x0000000033fb5e0c        0x0 lib_generic/libgeneric.a(string.o)
 .data          0x0000000033fb5e0c        0x0 lib_generic/libgeneric.a(time.o)
 .data          0x0000000033fb5e0c        0x0 lib_generic/libgeneric.a(vsprintf.o)
 .data          0x0000000033fb5e0c        0x0 lib_generic/libgeneric.a(zlib.o)
 .data          0x0000000033fb5e0c        0x0 lib_generic/libgeneric.a(div64.o)
 .data          0x0000000033fb5e0c        0x0 cpu/arm920t/s3c24x0/libs3c24x0.a(interrupts.o)
 .data          0x0000000033fb5e0c        0x0 cpu/arm920t/s3c24x0/libs3c24x0.a(speed.o)
 .data          0x0000000033fb5e0c        0x0 cpu/arm920t/s3c24x0/libs3c24x0.a(timer.o)
 .data          0x0000000033fb5e0c       0x4b cpu/arm920t/s3c24x0/libs3c24x0.a(usb_ohci.o)
 *fill*         0x0000000033fb5e57        0x1 
 .data          0x0000000033fb5e58        0x2 cpu/arm920t/s3c24x0/libs3c24x0.a(mmc.o)
 .data          0x0000000033fb5e5a        0x0 lib_arm/libarm.a(bootm.o)
 .data          0x0000000033fb5e5a        0x0 lib_arm/libarm.a(cache.o)
 .data          0x0000000033fb5e5a        0x0 lib_arm/libarm.a(cache-cp15.o)
 .data          0x0000000033fb5e5a        0x0 lib_arm/libarm.a(reset.o)
 *fill*         0x0000000033fb5e5a        0x2 
 .data          0x0000000033fb5e5c        0x4 fs/fat/libfat.a(fat.o)
 .data          0x0000000033fb5e60        0x4 fs/jffs2/libjffs2.a(jffs2_1pass.o)
 .data          0x0000000033fb5e64        0x0 fs/jffs2/libjffs2.a(compr_rtime.o)
 .data          0x0000000033fb5e64        0x0 fs/jffs2/libjffs2.a(compr_rubin.o)
 .data          0x0000000033fb5e64        0x0 fs/jffs2/libjffs2.a(compr_zlib.o)
 .data          0x0000000033fb5e64        0x0 fs/jffs2/libjffs2.a(mini_inflate.o)
 .data          0x0000000033fb5e64        0x0 disk/libdisk.a(part.o)
 .data          0x0000000033fb5e64        0x0 disk/libdisk.a(part_dos.o)
 .data          0x0000000033fb5e64        0x0 drivers/mtd/nand/libnand.a(nand_util.o)
 .data          0x0000000033fb5e64        0x0 drivers/net/libnet.a(dm9000x.o)
 .data          0x0000000033fb5e64       0x30 drivers/rtc/librtc.a(date.o)
 .data          0x0000000033fb5e94        0x0 drivers/rtc/librtc.a(s3c24x0_rtc.o)
 .data          0x0000000033fb5e94        0x0 cpu/arm920t/libarm920t.a(cpu.o)
 .data          0x0000000033fb5e94        0x0 /home/jqh/work/gitdir/bootloader/u-boot/lib_arm/eabi_compat.o
 .data          0x0000000033fb5e94        0x0 /opt/FriendlyARM/toolchain/4.9.3/lib/gcc/arm-cortexa9-linux-gnueabihf/4.9.3/libgcc.a(_udivsi3.o)
 .data          0x0000000033fb5e94        0x0 /opt/FriendlyARM/toolchain/4.9.3/lib/gcc/arm-cortexa9-linux-gnueabihf/4.9.3/libgcc.a(_divsi3.o)
 .data          0x0000000033fb5e94        0x0 /opt/FriendlyARM/toolchain/4.9.3/lib/gcc/arm-cortexa9-linux-gnueabihf/4.9.3/libgcc.a(_lshrdi3.o)
 .data          0x0000000033fb5e94        0x0 /opt/FriendlyARM/toolchain/4.9.3/lib/gcc/arm-cortexa9-linux-gnueabihf/4.9.3/libgcc.a(_ashrdi3.o)
 .data          0x0000000033fb5e94        0x0 /opt/FriendlyARM/toolchain/4.9.3/lib/gcc/arm-cortexa9-linux-gnueabihf/4.9.3/libgcc.a(_ashldi3.o)
 .data          0x0000000033fb5e94        0x0 /opt/FriendlyARM/toolchain/4.9.3/lib/gcc/arm-cortexa9-linux-gnueabihf/4.9.3/libgcc.a(_dvmd_lnx.o)

.igot.plt       0x0000000033fb5e94        0x0
 .igot.plt      0x0000000033fb5e94        0x0 cpu/arm920t/start.o
                0x0000000033fb5e94                . = ALIGN (0x4)

.got
 *(.got)
                0x0000000033fb5e94                . = .
                0x0000000033fb5e94                __u_boot_cmd_start = .

.u_boot_cmd     0x0000000033fb5e94      0x7c4
 *(.u_boot_cmd)
 .u_boot_cmd    0x0000000033fb5e94       0x1c common/libcommon.a(cmd_bdinfo.o)
                0x0000000033fb5e94                __u_boot_cmd_bdinfo
 .u_boot_cmd    0x0000000033fb5eb0       0x38 common/libcommon.a(cmd_boot.o)
                0x0000000033fb5eb0                __u_boot_cmd_reset
                0x0000000033fb5ecc                __u_boot_cmd_go
 .u_boot_cmd    0x0000000033fb5ee8       0x8c common/libcommon.a(cmd_bootm.o)
                0x0000000033fb5ee8                __u_boot_cmd_imls
                0x0000000033fb5f04                __u_boot_cmd_iminfo
                0x0000000033fb5f20                __u_boot_cmd_bootd
                0x0000000033fb5f3c                __u_boot_cmd_boot
                0x0000000033fb5f58                __u_boot_cmd_bootm
 .u_boot_cmd    0x0000000033fb5f74       0x38 common/libcommon.a(cmd_cache.o)
                0x0000000033fb5f74                __u_boot_cmd_dcache
                0x0000000033fb5f90                __u_boot_cmd_icache
 .u_boot_cmd    0x0000000033fb5fac       0x1c common/libcommon.a(cmd_console.o)
                0x0000000033fb5fac                __u_boot_cmd_coninfo
 .u_boot_cmd    0x0000000033fb5fc8       0x1c common/libcommon.a(cmd_date.o)
                0x0000000033fb5fc8                __u_boot_cmd_date
 .u_boot_cmd    0x0000000033fb5fe4       0x1c common/libcommon.a(cmd_echo.o)
                0x0000000033fb5fe4                __u_boot_cmd_echo
 .u_boot_cmd    0x0000000033fb6000       0x1c common/libcommon.a(cmd_eeprom.o)
                0x0000000033fb6000                __u_boot_cmd_eeprom
 .u_boot_cmd    0x0000000033fb601c       0x38 common/libcommon.a(cmd_elf.o)
                0x0000000033fb601c                __u_boot_cmd_bootvx
                0x0000000033fb6038                __u_boot_cmd_bootelf
 .u_boot_cmd    0x0000000033fb6054       0x1c common/libcommon.a(cmd_exit.o)
                0x0000000033fb6054                __u_boot_cmd_exit
 .u_boot_cmd    0x0000000033fb6070       0x54 common/libcommon.a(cmd_fat.o)
                0x0000000033fb6070                __u_boot_cmd_fatinfo
                0x0000000033fb608c                __u_boot_cmd_fatls
                0x0000000033fb60a8                __u_boot_cmd_fatload
 .u_boot_cmd    0x0000000033fb60c4       0x54 common/libcommon.a(cmd_flash.o)
                0x0000000033fb60c4                __u_boot_cmd_protect
                0x0000000033fb60e0                __u_boot_cmd_erase
                0x0000000033fb60fc                __u_boot_cmd_flinfo
 .u_boot_cmd    0x0000000033fb6118       0x38 common/libcommon.a(cmd_help.o)
                0x0000000033fb6118                __u_boot_cmd_question_mark
                0x0000000033fb6134                __u_boot_cmd_help
 .u_boot_cmd    0x0000000033fb6150       0x1c common/libcommon.a(cmd_i2c.o)
                0x0000000033fb6150                __u_boot_cmd_i2c
 .u_boot_cmd    0x0000000033fb616c       0x1c common/libcommon.a(cmd_itest.o)
                0x0000000033fb616c                __u_boot_cmd_itest
 .u_boot_cmd    0x0000000033fb6188       0x54 common/libcommon.a(cmd_jffs2.o)
                0x0000000033fb6188                __u_boot_cmd_fsinfo
                0x0000000033fb61a4                __u_boot_cmd_ls
                0x0000000033fb61c0                __u_boot_cmd_fsload
 .u_boot_cmd    0x0000000033fb61dc       0x70 common/libcommon.a(cmd_load.o)
                0x0000000033fb61dc                __u_boot_cmd_loady
                0x0000000033fb61f8                __u_boot_cmd_loadx
                0x0000000033fb6214                __u_boot_cmd_loadb
                0x0000000033fb6230                __u_boot_cmd_loads
 .u_boot_cmd    0x0000000033fb624c      0x118 common/libcommon.a(cmd_mem.o)
                0x0000000033fb624c                __u_boot_cmd_mtest
                0x0000000033fb6268                __u_boot_cmd_loop
                0x0000000033fb6284                __u_boot_cmd_base
                0x0000000033fb62a0                __u_boot_cmd_crc32
                0x0000000033fb62bc                __u_boot_cmd_cmp
                0x0000000033fb62d8                __u_boot_cmd_cp
                0x0000000033fb62f4                __u_boot_cmd_mw
                0x0000000033fb6310                __u_boot_cmd_nm
                0x0000000033fb632c                __u_boot_cmd_mm
                0x0000000033fb6348                __u_boot_cmd_md
 .u_boot_cmd    0x0000000033fb6364       0x1c common/libcommon.a(cmd_misc.o)
                0x0000000033fb6364                __u_boot_cmd_sleep
 .u_boot_cmd    0x0000000033fb6380       0x1c common/libcommon.a(cmd_mmc.o)
                0x0000000033fb6380                __u_boot_cmd_mmc
 .u_boot_cmd    0x0000000033fb639c       0x38 common/libcommon.a(cmd_nand.o)
                0x0000000033fb639c                __u_boot_cmd_nboot
                0x0000000033fb63b8                __u_boot_cmd_nand
 .u_boot_cmd    0x0000000033fb63d4       0xa8 common/libcommon.a(cmd_net.o)
                0x0000000033fb63d4                __u_boot_cmd_ping
                0x0000000033fb63f0                __u_boot_cmd_nfs
                0x0000000033fb640c                __u_boot_cmd_dhcp
                0x0000000033fb6428                __u_boot_cmd_rarpboot
                0x0000000033fb6444                __u_boot_cmd_tftpboot
                0x0000000033fb6460                __u_boot_cmd_bootp
 .u_boot_cmd    0x0000000033fb647c       0xa8 common/libcommon.a(cmd_nvedit.o)
                0x0000000033fb647c                __u_boot_cmd_run
                0x0000000033fb6498                __u_boot_cmd_askenv
                0x0000000033fb64b4                __u_boot_cmd_setenv
                0x0000000033fb64d0                __u_boot_cmd_printenv
                0x0000000033fb64ec                __u_boot_cmd_editenv
                0x0000000033fb6508                __u_boot_cmd_saveenv
 .u_boot_cmd    0x0000000033fb6524       0x1c common/libcommon.a(cmd_reginfo.o)
                0x0000000033fb6524                __u_boot_cmd_reginfo
 .u_boot_cmd    0x0000000033fb6540       0x1c common/libcommon.a(cmd_source.o)
                0x0000000033fb6540                __u_boot_cmd_source
 .u_boot_cmd    0x0000000033fb655c       0x54 common/libcommon.a(cmd_test.o)
                0x0000000033fb655c                __u_boot_cmd_true
                0x0000000033fb6578                __u_boot_cmd_false
                0x0000000033fb6594                __u_boot_cmd_test
 .u_boot_cmd    0x0000000033fb65b0       0x38 common/libcommon.a(cmd_usb.o)
                0x0000000033fb65b0                __u_boot_cmd_usbboot
                0x0000000033fb65cc                __u_boot_cmd_usb
 .u_boot_cmd    0x0000000033fb65e8       0x1c common/libcommon.a(cmd_usbslave.o)
                0x0000000033fb65e8                __u_boot_cmd_usbslave
 .u_boot_cmd    0x0000000033fb6604       0x1c common/libcommon.a(cmd_version.o)
                0x0000000033fb6604                __u_boot_cmd_version
 .u_boot_cmd    0x0000000033fb6620       0x1c common/libcommon.a(cmd_ximg.o)
                0x0000000033fb6620                __u_boot_cmd_imxtract
 .u_boot_cmd    0x0000000033fb663c       0x1c common/libcommon.a(hush.o)
                0x0000000033fb663c                __u_boot_cmd_showvar
                0x0000000033fb6658                __u_boot_cmd_end = .
                0x0000000033fb6658                . = ALIGN (0x4)
                0x0000000033fb6658                __bss_start = .

.bss            0x0000000033fb6700    0x42e9c
 *(.bss)
 .bss           0x0000000033fb6700        0x0 cpu/arm920t/start.o
 .bss           0x0000000033fb6700        0x0 board/tekkamanninja/mini2440/lowlevel_init.o
 .bss           0x0000000033fb6700        0x0 board/tekkamanninja/mini2440/nand_read.o
 .bss           0x0000000033fb6700        0x4 lib_arm/libarm.a(board.o)
                0x0000000033fb6700                monitor_flash_len
 .bss           0x0000000033fb6704        0x0 lib_arm/libarm.a(interrupts.o)
 .bss           0x0000000033fb6704       0x14 net/libnet.a(eth.o)
 .bss           0x0000000033fb6718     0x25e4 net/libnet.a(net.o)
                0x0000000033fb6718                NetState
                0x0000000033fb671c                NetPingIP
                0x0000000033fb6728                NetRestartWrap
                0x0000000033fb6740                NetOurEther
                0x0000000033fb6748                NetTxPacket
                0x0000000033fb674c                NetOurIP
                0x0000000033fb6750                NetArpWaitPacketIP
                0x0000000033fb6754                NetOurSubnetMask
                0x0000000033fb6758                NetOurGatewayIP
                0x0000000033fb675c                NetArpWaitReplyIP
                0x0000000033fb6760                NetArpWaitTimerStart
                0x0000000033fb6764                NetArpWaitTry
                0x0000000033fb676e                NetEtherNullAddr
                0x0000000033fb6774                NetArpWaitPacketMAC
                0x0000000033fb6778                NetArpWaitTxPacket
                0x0000000033fb677c                NetIPID
                0x0000000033fb6784                NetArpWaitTxPacketSize
                0x0000000033fb6788                NetRxPacket
                0x0000000033fb678c                NetRxPacketLen
                0x0000000033fb6790                NetServerIP
                0x0000000033fb6794                NetServerEther
                0x0000000033fb679a                PktBuf
                0x0000000033fb85bc                NetRxPackets
                0x0000000033fb85cc                NetArpWaitPacketBuf
                0x0000000033fb8bf0                NetBootFileXferSize
                0x0000000033fb8bf4                BootFile
                0x0000000033fb8c74                NetBootFileSize
                0x0000000033fb8c76                NetOurRootPath
                0x0000000033fb8cb6                NetOurHostName
                0x0000000033fb8cd6                NetOurNISDomain
                0x0000000033fb8cf8                NetOurDNSIP
 .bss           0x0000000033fb8cfc      0x8b0 net/libnet.a(nfs.o)
 .bss           0x0000000033fb95ac        0x4 net/libnet.a(rarp.o)
                0x0000000033fb95ac                RarpTry
 .bss           0x0000000033fb95b0       0xb4 net/libnet.a(tftp.o)
 .bss           0x0000000033fb9664       0x14 net/libnet.a(bootp.o)
                0x0000000033fb9664                dhcp_leasetime
                0x0000000033fb9668                NetDHCPServerIP
                0x0000000033fb966c                BootpID
                0x0000000033fb9670                dhcp_state
                0x0000000033fb9674                BootpTry
 .bss           0x0000000033fb9678        0x0 drivers/i2c/libi2c.a(s3c24x0_i2c.o)
 .bss           0x0000000033fb9678      0x1d0 drivers/mtd/nand/libnand.a(nand.o)
                0x0000000033fb9678                nand_info
 .bss           0x0000000033fb9848        0x0 drivers/mtd/nand/libnand.a(nand_base.o)
 .bss           0x0000000033fb9848        0x0 drivers/mtd/nand/libnand.a(nand_bbt.o)
 .bss           0x0000000033fb9848        0x0 drivers/mtd/nand/libnand.a(nand_ecc.o)
 .bss           0x0000000033fb9848        0x0 drivers/mtd/nand/libnand.a(nand_ids.o)
 .bss           0x0000000033fb9848        0x0 drivers/mtd/nand/libnand.a(s3c2410_nand.o)
 .bss           0x0000000033fb9848        0x0 drivers/serial/libserial.a(serial_s3c24x0.o)
 .bss           0x0000000033fb9848       0x4c drivers/usb/slave/libusb_slave.a(usbinit.o)
                0x0000000033fb9848                isUsbdSetConfiguration
                0x0000000033fb984c                download_run
                0x0000000033fb9850                dwUSBBufBase
                0x0000000033fb9854                dwUSBBufReadPtr
                0x0000000033fb9858                dwUSBBufWritePtr
                0x0000000033fb985c                bDMAPending
                0x0000000033fb9860                tempDownloadAddress
                0x0000000033fb9864                downloadAddress
                0x0000000033fb9868                downPt
                0x0000000033fb986c                downloadFileSize
                0x0000000033fb9870                dwWillDMACnt
                0x0000000033fb9874                totalDmaCount
                0x0000000033fb9878                consoleNum
                0x0000000033fb987c                dwUSBBufSize
                0x0000000033fb9880                menuUsed
                0x0000000033fb9884                err
                0x0000000033fb9888                checkSum
                0x0000000033fb988c                run
                0x0000000033fb9890                restart
 .bss           0x0000000033fb9894       0xd0 drivers/usb/slave/libusb_slave.a(interrupt.o)
                0x0000000033fb9898                g_TimerIntHappen
                0x0000000033fb989c                isr_handle_array
 .bss           0x0000000033fb9964        0x0 drivers/usb/slave/libusb_slave.a(usblib.o)
 .bss           0x0000000033fb9964     0x1008 drivers/usb/slave/libusb_slave.a(usbmain.o)
                0x0000000033fb9964                dbgStrWrPt
                0x0000000033fb9968                dbgStrFifo
                0x0000000033fba968                dbgStrRdPt
 .bss           0x0000000033fba96c       0x20 drivers/usb/slave/libusb_slave.a(usbout.o)
                0x0000000033fba96c                ep3Buf
 .bss           0x0000000033fba98c       0x54 drivers/usb/slave/libusb_slave.a(usbsetup.o)
                0x0000000033fba98c                ep0State
                0x0000000033fba990                descSetup
                0x0000000033fba99c                ConfigSet
                0x0000000033fba99d                Rwuen
                0x0000000033fba99e                StatusGet
                0x0000000033fba9a3                InterfaceGet
                0x0000000033fba9a4                descDev
                0x0000000033fba9b6                descConf
                0x0000000033fba9bf                descIf
                0x0000000033fba9c8                descEndpt0
                0x0000000033fba9cf                descEndpt1
                0x0000000033fba9d6                endpoint3_status
                0x0000000033fba9d7                endpoint1_status
                0x0000000033fba9d8                endpoint0_status
                0x0000000033fba9d9                interface_status
                0x0000000033fba9da                device_status
                0x0000000033fba9db                AlterSetting
                0x0000000033fba9dc                ep0SubState
 .bss           0x0000000033fba9e0       0x24 drivers/usb/slave/libusb_slave.a(usbin.o)
                0x0000000033fba9e0                transferIndex
                0x0000000033fba9e4                ep1Buf
 .bss           0x0000000033fbaa04        0x0 common/libcommon.a(cmd_bdinfo.o)
 .bss           0x0000000033fbaa04        0x0 common/libcommon.a(cmd_boot.o)
 .bss           0x0000000033fbaa04       0x8c common/libcommon.a(cmd_bootm.o)
 .bss           0x0000000033fbaa90        0x0 common/libcommon.a(cmd_cache.o)
 .bss           0x0000000033fbaa90        0x0 common/libcommon.a(cmd_console.o)
 .bss           0x0000000033fbaa90        0x0 common/libcommon.a(cmd_date.o)
 .bss           0x0000000033fbaa90        0x0 common/libcommon.a(cmd_echo.o)
 .bss           0x0000000033fbaa90        0x0 common/libcommon.a(cmd_eeprom.o)
 .bss           0x0000000033fbaa90        0x0 common/libcommon.a(cmd_elf.o)
 .bss           0x0000000033fbaa90        0x0 common/libcommon.a(cmd_exit.o)
 .bss           0x0000000033fbaa90        0x0 common/libcommon.a(cmd_fat.o)
 .bss           0x0000000033fbaa90        0x0 common/libcommon.a(cmd_flash.o)
 .bss           0x0000000033fbaa90        0x0 common/libcommon.a(cmd_help.o)
 .bss           0x0000000033fbaa90       0x18 common/libcommon.a(cmd_i2c.o)
 .bss           0x0000000033fbaaa8        0x0 common/libcommon.a(cmd_itest.o)
 .bss           0x0000000033fbaaa8        0xc common/libcommon.a(cmd_jffs2.o)
                0x0000000033fbaaac                current_mtd_dev
                0x0000000033fbaab0                current_mtd_partnum
 .bss           0x0000000033fbaab4       0x60 common/libcommon.a(cmd_load.o)
                0x0000000033fbaac0                his_pad_count
                0x0000000033fbaac4                his_pad_char
                0x0000000033fbaadd                his_eol
                0x0000000033fbaae4                os_data_init
                0x0000000033fbaaf4                os_data_char
                0x0000000033fbaaf8                his_quote
                0x0000000033fbaafc                send_ptr
                0x0000000033fbab00                send_parms
 .bss           0x0000000033fbab14       0x14 common/libcommon.a(cmd_mem.o)
                0x0000000033fbab14                dp_last_addr
                0x0000000033fbab18                dp_last_size
                0x0000000033fbab20                mm_last_addr
                0x0000000033fbab24                mm_last_size
 .bss           0x0000000033fbab28        0x0 common/libcommon.a(cmd_misc.o)
 .bss           0x0000000033fbab28        0x0 common/libcommon.a(cmd_mmc.o)
 .bss           0x0000000033fbab28        0x0 common/libcommon.a(cmd_nand.o)
 .bss           0x0000000033fbab28        0x0 common/libcommon.a(cmd_net.o)
 .bss           0x0000000033fbab28        0x0 common/libcommon.a(cmd_nvedit.o)
 .bss           0x0000000033fbab28        0x0 common/libcommon.a(cmd_reginfo.o)
 .bss           0x0000000033fbab28        0x0 common/libcommon.a(cmd_source.o)
 .bss           0x0000000033fbab28        0x0 common/libcommon.a(cmd_test.o)
 .bss           0x0000000033fbab28        0x0 common/libcommon.a(cmd_usb.o)
 .bss           0x0000000033fbab28        0x4 common/libcommon.a(cmd_usbslave.o)
                0x0000000033fbab28                g_dwDownloadLen
 .bss           0x0000000033fbab2c        0x0 common/libcommon.a(cmd_version.o)
 .bss           0x0000000033fbab2c        0x0 common/libcommon.a(cmd_ximg.o)
 .bss           0x0000000033fbab2c      0x300 common/libcommon.a(command.o)
 .bss           0x0000000033fbae2c        0x8 common/libcommon.a(console.o)
 .bss           0x0000000033fbae34       0x44 common/libcommon.a(dlmalloc.o)
                0x0000000033fbae34                mem_malloc_brk
                0x0000000033fbae38                mem_malloc_start
                0x0000000033fbae3c                mem_malloc_end
 .bss           0x0000000033fbae78        0x0 common/libcommon.a(env_common.o)
 .bss           0x0000000033fbae78        0x4 common/libcommon.a(env_nand.o)
                0x0000000033fbae78                env_ptr
 .bss           0x0000000033fbae7c        0x0 common/libcommon.a(exports.o)
 .bss           0x0000000033fbae7c        0x0 common/libcommon.a(flash.o)
 .bss           0x0000000033fbae7c      0x258 common/libcommon.a(hush.o)
                0x0000000033fbaea4                last_return_code
                0x0000000033fbb0d0                nesting_level
 .bss           0x0000000033fbb0d4        0x0 common/libcommon.a(image.o)
 .bss           0x0000000033fbb0d4     0x156c common/libcommon.a(main.o)
                0x0000000033fbb0e0                hist_num
                0x0000000033fbb0e4                hist_list
                0x0000000033fbb134                hist_lines
                0x0000000033fbc534                console_buffer
 .bss           0x0000000033fbc640        0x0 common/libcommon.a(s_record.o)
 .bss           0x0000000033fbc640       0x48 common/libcommon.a(stdio.o)
                0x0000000033fbc67c                stdio_devices
 .bss           0x0000000033fbc688     0xaa1c common/libcommon.a(usb.o)
                0x0000000033fbc688                usb_started
 .bss           0x0000000033fc70a4      0x5b8 common/libcommon.a(usb_storage.o)
 .bss           0x0000000033fc765c      0x43c common/libcommon.a(xyzModem.o)
 .bss           0x0000000033fc7a98        0x0 board/tekkamanninja/mini2440/libmini2440.a(mini2440.o)
 .bss           0x0000000033fc7a98       0xac board/tekkamanninja/mini2440/libmini2440.a(flash.o)
                0x0000000033fc7a98                flash_info
 .bss           0x0000000033fc7b44        0x0 lib_generic/libgeneric.a(crc16.o)
 .bss           0x0000000033fc7b44        0x0 lib_generic/libgeneric.a(crc32.o)
 .bss           0x0000000033fc7b44        0x0 lib_generic/libgeneric.a(ctype.o)
 .bss           0x0000000033fc7b44        0x0 lib_generic/libgeneric.a(display_options.o)
 .bss           0x0000000033fc7b44        0x0 lib_generic/libgeneric.a(gunzip.o)
 .bss           0x0000000033fc7b44        0x0 lib_generic/libgeneric.a(net_utils.o)
 .bss           0x0000000033fc7b44        0x4 lib_generic/libgeneric.a(string.o)
                0x0000000033fc7b44                ___strtok
 .bss           0x0000000033fc7b48        0x0 lib_generic/libgeneric.a(time.o)
 .bss           0x0000000033fc7b48        0x0 lib_generic/libgeneric.a(vsprintf.o)
 .bss           0x0000000033fc7b48        0x0 lib_generic/libgeneric.a(zlib.o)
 .bss           0x0000000033fc7b48        0x0 lib_generic/libgeneric.a(div64.o)
 .bss           0x0000000033fc7b48        0x0 cpu/arm920t/s3c24x0/libs3c24x0.a(interrupts.o)
 .bss           0x0000000033fc7b48        0x0 cpu/arm920t/s3c24x0/libs3c24x0.a(speed.o)
 .bss           0x0000000033fc7b48       0x10 cpu/arm920t/s3c24x0/libs3c24x0.a(timer.o)
                0x0000000033fc7b48                timer_load_val
 *fill*         0x0000000033fc7b58       0xa8 
 .bss           0x0000000033fc7c00     0x1600 cpu/arm920t/s3c24x0/libs3c24x0.a(usb_ohci.o)
                0x0000000033fc7c00                ptd
                0x0000000033fc7c04                urb_priv
                0x0000000033fc7da0                urb_finished
                0x0000000033fc7db0                ohci_dev
                0x0000000033fc7f40                devgone
                0x0000000033fc7f44                got_rhsc
                0x0000000033fc7f48                phcca
                0x0000000033fc8000                ghcca
                0x0000000033fc8100                gtd
 .bss           0x0000000033fc9200      0x2a8 cpu/arm920t/s3c24x0/libs3c24x0.a(mmc.o)
 .bss           0x0000000033fc94a8        0x4 lib_arm/libarm.a(bootm.o)
 .bss           0x0000000033fc94ac        0x0 lib_arm/libarm.a(cache.o)
 .bss           0x0000000033fc94ac        0x0 lib_arm/libarm.a(cache-cp15.o)
 .bss           0x0000000033fc94ac        0x0 lib_arm/libarm.a(reset.o)
 .bss           0x0000000033fc94ac    0x30008 fs/fat/libfat.a(fat.o)
                0x0000000033fc94b4                get_vfatname_block
                0x0000000033fd94b4                do_fat_read_block
                0x0000000033fe94b4                get_dentfromdir_block
 .bss           0x0000000033ff94b4        0x8 fs/jffs2/libjffs2.a(jffs2_1pass.o)